Archive member included because of file (symbol)

/opt/local/lib/gcc/avr/4.9.1/../../../../avr/lib/avr51/libprintf_min.a(vfprintf_min.o)
                              (vfprintf)
/opt/local/lib/gcc/avr/4.9.1/avr51/libgcc.a(_usmulhisi3.o)
                              ../../src/net/pcf_tdma/rf231_soc/pcf_tdma.o (__usmulhisi3)
/opt/local/lib/gcc/avr/4.9.1/avr51/libgcc.a(_muluhisi3.o)
                              ../../src/drivers/platform/firefly3/source/ff_basic_sensor.o (__muluhisi3)
/opt/local/lib/gcc/avr/4.9.1/avr51/libgcc.a(_mulshisi3.o)
                              ../../src/drivers/platform/firefly3/source/ff_basic_sensor.o (__mulshisi3)
/opt/local/lib/gcc/avr/4.9.1/avr51/libgcc.a(_mulsi3.o)
                              ../../src/drivers/platform/firefly3/source/ff_basic_sensor.o (__mulsi3)
/opt/local/lib/gcc/avr/4.9.1/avr51/libgcc.a(_udivmodhi4.o)
                              ../../src/net/pcf_tdma/rf231_soc/pcf_tdma.o (__udivmodhi4)
/opt/local/lib/gcc/avr/4.9.1/avr51/libgcc.a(_udivmodsi4.o)
                              ../../src/drivers/platform/firefly3/source/ff_basic_sensor.o (__udivmodsi4)
/opt/local/lib/gcc/avr/4.9.1/avr51/libgcc.a(_divmodsi4.o)
                              ../../src/drivers/platform/firefly3/source/ff_basic_sensor.o (__divmodsi4)
/opt/local/lib/gcc/avr/4.9.1/avr51/libgcc.a(_udivdi3.o)
                              ../../src/kernel/source/nrk_time.o (__udivdi3)
/opt/local/lib/gcc/avr/4.9.1/avr51/libgcc.a(_udivmod64.o)
                              /opt/local/lib/gcc/avr/4.9.1/avr51/libgcc.a(_udivdi3.o) (__udivmod64)
/opt/local/lib/gcc/avr/4.9.1/avr51/libgcc.a(_negsi2.o)
                              /opt/local/lib/gcc/avr/4.9.1/avr51/libgcc.a(_divmodsi4.o) (__negsi2)
/opt/local/lib/gcc/avr/4.9.1/avr51/libgcc.a(_exit.o)
                              /opt/local/lib/gcc/avr/4.9.1/../../../../avr/lib/avr51/crtm128rfa1.o (exit)
/opt/local/lib/gcc/avr/4.9.1/avr51/libgcc.a(_tablejump.o)
                              ../../src/platform/firefly3/source/ulib.o (__tablejump2__)
/opt/local/lib/gcc/avr/4.9.1/avr51/libgcc.a(_copy_data.o)
                              main.o (__do_copy_data)
/opt/local/lib/gcc/avr/4.9.1/avr51/libgcc.a(_clear_bss.o)
                              main.o (__do_clear_bss)
/opt/local/lib/gcc/avr/4.9.1/avr51/libgcc.a(_umulhisi3.o)
                              /opt/local/lib/gcc/avr/4.9.1/avr51/libgcc.a(_usmulhisi3.o) (__umulhisi3)
/opt/local/lib/gcc/avr/4.9.1/../../../../avr/lib/avr51/libc.a(strchr_P.o)
                              /opt/local/lib/gcc/avr/4.9.1/../../../../avr/lib/avr51/libprintf_min.a(vfprintf_min.o) (strchr_P)
/opt/local/lib/gcc/avr/4.9.1/../../../../avr/lib/avr51/libc.a(memcpy.o)
                              ../../src/radio/rf231_soc/source/basic_rf.o (memcpy)
/opt/local/lib/gcc/avr/4.9.1/../../../../avr/lib/avr51/libc.a(strncmp.o)
                              ../../src/radio/rf231_soc/source/basic_rf.o (strncmp)
/opt/local/lib/gcc/avr/4.9.1/../../../../avr/lib/avr51/libc.a(fdevopen.o)
                              ../../src/platform/firefly3/source/ulib.o (fdevopen)
/opt/local/lib/gcc/avr/4.9.1/../../../../avr/lib/avr51/libc.a(fputc.o)
                              ../../src/platform/firefly3/source/ulib.o (fputc)
/opt/local/lib/gcc/avr/4.9.1/../../../../avr/lib/avr51/libc.a(iob.o)
                              ../../src/platform/firefly3/source/ulib.o (__iob)
/opt/local/lib/gcc/avr/4.9.1/../../../../avr/lib/avr51/libc.a(printf.o)
                              main.o (printf)
/opt/local/lib/gcc/avr/4.9.1/../../../../avr/lib/avr51/libc.a(putchar.o)
                              ../../src/radio/rf231_soc/source/basic_rf.o (putchar)
/opt/local/lib/gcc/avr/4.9.1/../../../../avr/lib/avr51/libc.a(puts.o)
                              main.o (puts)
/opt/local/lib/gcc/avr/4.9.1/../../../../avr/lib/avr51/libc.a(sprintf.o)
                              main.o (sprintf)
/opt/local/lib/gcc/avr/4.9.1/../../../../avr/lib/avr51/libc.a(ultoa_invert.o)
                              /opt/local/lib/gcc/avr/4.9.1/../../../../avr/lib/avr51/libprintf_min.a(vfprintf_min.o) (__ultoa_invert)
/opt/local/lib/gcc/avr/4.9.1/../../../../avr/lib/avr51/libc.a(eerd_byte_atmega128rfa1.o)
                              ../../src/platform/firefly3/source/nrk_eeprom.o (__eerd_byte_m128rfa1)
/opt/local/lib/gcc/avr/4.9.1/../../../../avr/lib/avr51/libc.a(eewr_byte_atmega128rfa1.o)
                              ../../src/platform/firefly3/source/nrk_eeprom.o (__eewr_byte_m128rfa1)
/opt/local/lib/gcc/avr/4.9.1/../../../../avr/lib/avr51/libc.a(calloc.o)
                              /opt/local/lib/gcc/avr/4.9.1/../../../../avr/lib/avr51/libc.a(fdevopen.o) (calloc)
/opt/local/lib/gcc/avr/4.9.1/../../../../avr/lib/avr51/libc.a(malloc.o)
                              /opt/local/lib/gcc/avr/4.9.1/../../../../avr/lib/avr51/libc.a(calloc.o) (malloc)
/opt/local/lib/gcc/avr/4.9.1/../../../../avr/lib/avr51/libc.a(memset.o)
[...]
Memory Configuration

Name             Origin             Length             Attributes
text             0x0000000000000000 0x0000000000020000 xr
data             0x0000000000800100 0x000000000000ff00 rw !x
eeprom           0x0000000000810000 0x0000000000010000 rw !x
fuse             0x0000000000820000 0x0000000000000400 rw !x
lock             0x0000000000830000 0x0000000000000400 rw !x
signature        0x0000000000840000 0x0000000000000400 rw !x
*default*        0x0000000000000000 0xffffffffffffffff

Linker script and memory map

Address of section .data set to 0x800200
LOAD /opt/local/lib/gcc/avr/4.9.1/../../../../avr/lib/avr51/crtm128rfa1.o
LOAD main.o
LOAD ../../src/drivers/platform/firefly3/source/ff_basic_sensor.o
LOAD ../../src/drivers/platform/firefly3/source/twi_base_calls.o
LOAD ../../src/net/pcf_tdma/rf231_soc/pcf_tdma.o
LOAD ../../src/radio/rf231_soc/source/basic_rf.o
LOAD ../../src/platform/firefly3/source/ulib.o
LOAD ../../src/platform/firefly3/source/hal_wait.o
LOAD ../../src/platform/firefly3/source/nrk_eeprom.o
LOAD ../../src/kernel/source/nrk.o
LOAD ../../src/kernel/source/nrk_stats.o
LOAD ../../src/kernel/source/nrk_error.o
LOAD ../../src/kernel/source/nrk_stack_check.o
LOAD ../../src/kernel/source/nrk_events.o
LOAD ../../src/kernel/source/nrk_task.o
LOAD ../../src/kernel/source/nrk_time.o
LOAD ../../src/kernel/source/nrk_idle_task.o
LOAD ../../src/kernel/source/nrk_scheduler.o
LOAD ../../src/kernel/source/nrk_driver.o
LOAD ../../src/kernel/source/nrk_reserve.o
LOAD ../../src/kernel/source/nrk_sw_wdt.o
LOAD ../../src/kernel/hal/atmega128rfa1/nrk_timer.o
LOAD ../../src/kernel/hal/atmega128rfa1/nrk_status.o
LOAD ../../src/kernel/hal/atmega128rfa1/nrk_ext_int.o
LOAD ../../src/kernel/hal/atmega128rfa1/nrk_watchdog.o
LOAD ../../src/kernel/hal/atmega128rfa1/nrk_cpu.o
LOAD ../../src/kernel/hal/atmega128rfa1/atmel_hw_specific.o
LOAD /opt/local/lib/gcc/avr/4.9.1/../../../../avr/lib/avr51/libprintf_min.a
LOAD /opt/local/lib/gcc/avr/4.9.1/../../../../avr/lib/avr51/libm.a
START GROUP
LOAD /opt/local/lib/gcc/avr/4.9.1/avr51/libgcc.a
LOAD /opt/local/lib/gcc/avr/4.9.1/../../../../avr/lib/avr51/libm.a
LOAD /opt/local/lib/gcc/avr/4.9.1/../../../../avr/lib/avr51/libc.a
END GROUP

.hash
 *(.hash)

.dynsym
 *(.dynsym)

.dynstr
 *(.dynstr)

.gnu.version
 *(.gnu.version)

.gnu.version_d
 *(.gnu.version_d)

.gnu.version_r
 *(.gnu.version_r)

.rel.init
 *(.rel.init)

.rela.init
 *(.rela.init)

.rel.text
 *(.rel.text)
 *(.rel.text.*)
 *(.rel.gnu.linkonce.t*)

.rela.text
 *(.rela.text)
 *(.rela.text.*)
 *(.rela.gnu.linkonce.t*)

.rel.fini
 *(.rel.fini)

.rela.fini
 *(.rela.fini)

.rel.rodata
 *(.rel.rodata)
 *(.rel.rodata.*)
 *(.rel.gnu.linkonce.r*)

.rela.rodata
 *(.rela.rodata)
 *(.rela.rodata.*)
 *(.rela.gnu.linkonce.r*)

.rel.data
 *(.rel.data)
 *(.rel.data.*)
 *(.rel.gnu.linkonce.d*)

.rela.data
 *(.rela.data)
 *(.rela.data.*)
 *(.rela.gnu.linkonce.d*)

.rel.ctors
 *(.rel.ctors)

.rela.ctors
 *(.rela.ctors)

.rel.dtors
 *(.rel.dtors)

.rela.dtors
 *(.rela.dtors)

.rel.got
 *(.rel.got)

.rela.got
 *(.rela.got)

.rel.bss
 *(.rel.bss)

.rela.bss
 *(.rela.bss)

.rel.plt
 *(.rel.plt)

.rela.plt
 *(.rela.plt)

.text           0x0000000000000000     0x75c6
 *(.vectors)
 .vectors       0x0000000000000000      0x120 /opt/local/lib/gcc/avr/4.9.1/../../../../avr/lib/avr51/crtm128rfa1.o
                0x0000000000000000                __vectors
 *(.vectors)
 *(.progmem.gcc*)
 .progmem.gcc_sw_table
                0x0000000000000120       0x54 ../../src/platform/firefly3/source/ulib.o
 .progmem.gcc_sw_table
                0x0000000000000174       0x40 ../../src/kernel/source/nrk_error.o
                0x00000000000001b4                . = ALIGN (0x2)
                0x00000000000001b4                __trampolines_start = .
 *(.trampolines)
 .trampolines   0x00000000000001b4        0x0 linker stubs
 *(.trampolines*)
                0x00000000000001b4                __trampolines_end = .
 *(.progmem*)
 .progmem.data  0x00000000000001b4       0x36 main.o
 .progmem.data  0x00000000000001ea       0xdf ../../src/net/pcf_tdma/rf231_soc/pcf_tdma.o
 .progmem.data  0x00000000000002c9       0x15 ../../src/platform/firefly3/source/ulib.o
 .progmem.data  0x00000000000002de       0xec ../../src/kernel/source/nrk_stats.o
 .progmem.data  0x00000000000003ca      0x248 ../../src/kernel/source/nrk_error.o
 .progmem.data  0x0000000000000612        0xf ../../src/kernel/source/nrk_stack_check.o
 .progmem.data  0x0000000000000621       0x17 /opt/local/lib/gcc/avr/4.9.1/../../../../avr/lib/avr51/libprintf_min.a(vfprintf_min.o)
                0x0000000000000638                . = ALIGN (0x2)
 *(.jumptables)
 *(.jumptables*)
 *(.lowtext)
 *(.lowtext*)
                0x0000000000000638                __ctors_start = .
 *(.ctors)
                0x0000000000000638                __ctors_end = .
                0x0000000000000638                __dtors_start = .
 *(.dtors)
                0x0000000000000638                __dtors_end = .
 SORT(*)(.ctors)
 SORT(*)(.dtors)
 *(.init0)
 .init0         0x0000000000000638        0x0 /opt/local/lib/gcc/avr/4.9.1/../../../../avr/lib/avr51/crtm128rfa1.o
                0x0000000000000638                __init
 *(.init0)
 *(.init1)
 *(.init1)
 *(.init2)
 .init2         0x0000000000000638        0xc /opt/local/lib/gcc/avr/4.9.1/../../../../avr/lib/avr51/crtm128rfa1.o
 *(.init2)
 *(.init3)
 *(.init3)
 *(.init4)
 .init4         0x0000000000000644       0x1a /opt/local/lib/gcc/avr/4.9.1/avr51/libgcc.a(_copy_data.o)
                0x0000000000000644                __do_copy_data
 .init4         0x000000000000065e       0x10 /opt/local/lib/gcc/avr/4.9.1/avr51/libgcc.a(_clear_bss.o)
                0x000000000000065e                __do_clear_bss
 *(.init4)
 *(.init5)
 *(.init5)
 *(.init6)
 *(.init6)
 *(.init7)
 *(.init7)
 *(.init8)
 *(.init8)
 *(.init9)
 .init9         0x000000000000066e        0x8 /opt/local/lib/gcc/avr/4.9.1/../../../../avr/lib/avr51/crtm128rfa1.o
 *(.init9)
 *(.text)
 .text          0x0000000000000676        0x4 /opt/local/lib/gcc/avr/4.9.1/../../../../avr/lib/avr51/crtm128rfa1.o
                0x0000000000000676                __vector_65
                0x0000000000000676                __vector_22
                0x0000000000000676                __vector_28
                0x0000000000000676                __vector_67
                0x0000000000000676                __vector_71
                0x0000000000000676                __vector_34
                0x0000000000000676                __vector_24
                0x0000000000000676                __vector_12
                0x0000000000000676                __vector_55
                0x0000000000000676                __vector_69
                0x0000000000000676                __vector_46
                0x0000000000000676                __bad_interrupt
                0x0000000000000676                __vector_6
                0x0000000000000676                __vector_31
                0x0000000000000676                __vector_35
                0x0000000000000676                __vector_39
                0x0000000000000676                __vector_23
                0x0000000000000676                __vector_68
                0x0000000000000676                __vector_30
                0x0000000000000676                __vector_45
                0x0000000000000676                __vector_11
                0x0000000000000676                __vector_54
                0x0000000000000676                __vector_17
                0x0000000000000676                __vector_19
                0x0000000000000676                __vector_56
                0x0000000000000676                __vector_7
                0x0000000000000676                __vector_49
                0x0000000000000676                __vector_41
                0x0000000000000676                __vector_43
                0x0000000000000676                __vector_27
                0x0000000000000676                __vector_5
                0x0000000000000676                __vector_33
                0x0000000000000676                __vector_47
                0x0000000000000676                __vector_52
                0x0000000000000676                __vector_37
                0x0000000000000676                __vector_4
                0x0000000000000676                __vector_44
                0x0000000000000676                __vector_51
                0x0000000000000676                __vector_21
                0x0000000000000676                __vector_66
                0x0000000000000676                __vector_36
                0x0000000000000676                __vector_70
                0x0000000000000676                __vector_29
                0x0000000000000676                __vector_40
                0x0000000000000676                __vector_8
                0x0000000000000676                __vector_26
                0x0000000000000676                __vector_48
                0x0000000000000676                __vector_14
                0x0000000000000676                __vector_53
                0x0000000000000676                __vector_10
                0x0000000000000676                __vector_50
                0x0000000000000676                __vector_16
                0x0000000000000676                __vector_18
                0x0000000000000676                __vector_20
                0x0000000000000676                __vector_42
                0x0000000000000676                __vector_38
 .text          0x000000000000067a      0x35e main.o
                0x000000000000067a                tdma_error
                0x00000000000006b6                rx_task
                0x0000000000000840                tx_task
                0x00000000000008f6                nrk_create_taskset
 .text          0x00000000000009d8      0x962 ../../src/drivers/platform/firefly3/source/ff_basic_sensor.o
                0x00000000000009d8                open
                0x0000000000000a2c                close
                0x0000000000000a4a                get_status
                0x0000000000000a58                set_status
                0x0000000000000ac4                get_eeprom_values
                0x0000000000000b22                init_adc
                0x0000000000000b50                init
                0x0000000000000baa                delay
                0x0000000000000bb2                get_adc_val
                0x0000000000000bd6                calc_true_press
                0x0000000000000f3e                calc_true_temp
                0x0000000000001040                read_uncomp_temp
                0x00000000000010a8                calc_temp
                0x00000000000010b0                read_uncomp_press
                0x000000000000114a                calc_press
                0x000000000000115a                read
                0x00000000000012ea                dev_manager_ff3_sensors
 .text          0x000000000000133a      0x2e6 ../../src/drivers/platform/firefly3/source/twi_base_calls.o
                0x000000000000133a                set_i2c_device
                0x0000000000001340                init_i2c
                0x0000000000001360                close_i2c
                0x0000000000001374                ee24xx_read_bytes
                0x00000000000014b2                ee24xx_write_page
                0x00000000000015a6                ee24xx_write_bytes
                0x0000000000001602                error
 .text          0x0000000000001620      0xd90 ../../src/net/pcf_tdma/rf231_soc/pcf_tdma.o
                0x0000000000001620                rf_rx_callback
                0x0000000000001622                tdma_aes_setkey
                0x0000000000001626                tdma_aes_enable
                0x000000000000162e                tdma_aes_disable
                0x0000000000001636                tdma_sync_ok
                0x000000000000163c                tdma_set_error_callback
                0x0000000000001650                tdma_tx_slot_add
                0x0000000000001660                tdma_tx_reserve_set
                0x0000000000001664                tdma_tx_reserve_get
                0x000000000000166a                tdma_set_rf_power
                0x000000000000167a                tdma_set_channel
                0x000000000000169c                tdma_set_slot_len_ms
                0x00000000000016ca                tdma_set_slots_per_cycle
                0x00000000000016d4                tdma_send
                0x0000000000001822                tdma_recv
                0x00000000000019a2                tdma_rx_pkt_set_buffer
                0x00000000000019be                tdma_ttl_set
                0x00000000000019c4                tdma_init
                0x0000000000001ac8                tdma_get_rx_pkt_signal
                0x0000000000001ad6                tdma_get_tx_done_signal
                0x0000000000001ae4                tdma_rx_pkt_get
                0x0000000000001b14                tdma_rx_pkt_release
                0x0000000000001b1c                tdma_disable
                0x0000000000001b24                tdma_enable
                0x0000000000001b36                tdma_wakeup
                0x0000000000001b3e                tdma_started
                0x0000000000001b44                _tdma_rx_master
                0x0000000000001be4                _tdma_rx
                0x0000000000001c7a                _tdma_tx
                0x0000000000001d78                tdma_nw_task
                0x000000000000233e                tdma_task_config
 .text          0x00000000000023b0      0xa3c ../../src/radio/rf231_soc/source/basic_rf.o
                0x00000000000023c0                set_wireless_prog
                0x00000000000023c6                rf_enable_glossy
                0x00000000000023ce                rf_disable_glossy
                0x00000000000023d4                rf_power_down
                0x0000000000002420                rf_power_up
                0x000000000000244c                rf_tx_power
                0x0000000000002460                rf_addr_decode_enable
                0x000000000000246c                rf_addr_decode_disable
                0x0000000000002478                rf_auto_ack_enable
                0x0000000000002484                rf_auto_ack_disable
                0x0000000000002490                rf_addr_decode_set_my_mac
                0x00000000000024a2                rf_set_rx
                0x00000000000024bc                rx_start_callback
                0x00000000000024c6                rx_end_callback
                0x00000000000024d0                rf_init
                0x00000000000025a8                rf_rx_on
                0x00000000000025ae                rf_polling_rx_on
                0x00000000000025b4                rf_rx_off
                0x00000000000025ba                rf_tx_packet
                0x0000000000002732                rf_cca_check
                0x0000000000002796                rf_rx_packet_nonblock
                0x000000000000297e                __vector_60
                0x00000000000029e6                __vector_64
                0x0000000000002a04                __vector_63
                0x0000000000002a22                __vector_62
                0x0000000000002a40                __vector_61
                0x0000000000002a5e                __vector_59
                0x0000000000002abe                __vector_58
                0x0000000000002adc                __vector_57
                0x0000000000002afa                rf_set_cca_thresh
                0x0000000000002b0e                rf_security_last_pkt_status
                0x0000000000002b12                rf_security_set_ctr_counter
                0x0000000000002b14                rf_security_set_key
                0x0000000000002b16                rf_security_disable
                0x0000000000002b18                rf_tx_tdma_packet
                0x0000000000002b1c                rf_get_sem
                0x0000000000002b26                rf_flush_rx_fifo
                0x0000000000002b28                rf_busy
                0x0000000000002b2c                rf_rx_check_fifop
                0x0000000000002b30                rf_rx_check_sfd
                0x0000000000002b34                rf_carrier_on
                0x0000000000002b36                rf_carrier_off
                0x0000000000002b38                rf_test_mode
                0x0000000000002b3a                rf_data_mode
                0x0000000000002b3c                rf_rx_set_serial
                0x0000000000002b3e                rf_tx_set_serial
                0x0000000000002b40                rf_set_preamble_length
                0x0000000000002b42                rf_set_cca_mode
                0x0000000000002b44                rf_cc2591_tx_on
                0x0000000000002b54                rf_cc2591_rx_on
                0x0000000000002b64                rf_glossy_interrupt
                0x0000000000002c3e                aes_setkey
                0x0000000000002c82                aes_encrypt
                0x0000000000002d20                aes_decrypt
 .text          0x0000000000002dec      0x926 ../../src/platform/firefly3/source/ulib.o
                0x0000000000002dec                putc0
                0x0000000000002e04                __vector_25
                0x0000000000002eaa                nrk_uart_data_ready
                0x0000000000002edc                nrk_uart_rx_signal_get
                0x0000000000002ef0                nrk_kprintf
                0x0000000000002f1a                getc0
                0x0000000000002f84                PORT_INIT
                0x0000000000002f98                nrk_setup_ports
                0x0000000000002f9c                nrk_gpio_set
                0x000000000000307e                nrk_gpio_clr
                0x000000000000316e                nrk_gpio_get
                0x00000000000031c2                nrk_gpio_toggle
                0x00000000000033d8                nrk_gpio_direction
                0x000000000000358c                nrk_get_button
                0x00000000000035a0                nrk_led_toggle
                0x00000000000035ce                nrk_led_clr
                0x00000000000035fc                nrk_led_set
                0x000000000000362a                nrk_gpio_pullups
                0x000000000000363e                putc1
                0x000000000000364c                setup_uart0
                0x0000000000003676                setup_uart1
                0x00000000000036a0                nrk_setup_uart
                0x00000000000036fa                getc1
 .text          0x0000000000003712        0xe ../../src/platform/firefly3/source/hal_wait.o
                0x0000000000003712                halWait
 .text          0x0000000000003720      0x13e ../../src/platform/firefly3/source/nrk_eeprom.o
                0x0000000000003720                nrk_eeprom_read_byte
                0x0000000000003724                nrk_eeprom_write_byte
                0x000000000000372a                read_eeprom_mac_address
                0x0000000000003796                read_eeprom_channel
                0x00000000000037ae                write_eeprom_load_img_pages
                0x00000000000037be                read_eeprom_load_img_pages
                0x00000000000037d6                read_eeprom_aes_key
                0x0000000000003806                write_eeprom_aes_key
                0x0000000000003836                read_eeprom_current_image_checksum
                0x000000000000384e                write_eeprom_current_image_checksum
 .text          0x000000000000385e      0x36c ../../src/kernel/source/nrk.o
                0x000000000000385e                nrk_int_disable
                0x0000000000003862                nrk_int_enable
                0x0000000000003866                nrk_halt
                0x000000000000386c                nrk_init
                0x00000000000039d2                nrk_start
                0x0000000000003a54                nrk_TCB_init
                0x0000000000003bc0                _nrk_timer_tick
                0x0000000000003bc4                nrk_version
 .text          0x0000000000003bca      0x688 ../../src/kernel/source/nrk_stats.o
                0x0000000000003bca                nrk_stats_reset
                0x0000000000003c3e                _nrk_stats_sleep
                0x0000000000003c7c                nrk_stats_get_deep_sleep
                0x0000000000003ca8                _nrk_stats_add_violation
                0x0000000000003ccc                _nrk_stats_task_start
                0x0000000000003d0e                _nrk_stats_task_preempted
                0x0000000000003d88                _nrk_stats_task_suspend
                0x0000000000003e48                nrk_stats_display_pid
                0x0000000000004182                nrk_stats_display_all
                0x000000000000419e                nrk_stats_get
 .text          0x0000000000004252      0x382 ../../src/kernel/source/nrk_error.o
                0x0000000000004252                _nrk_errno_set
                0x000000000000425e                nrk_errno_get
                0x000000000000426a                nrk_error_get
                0x0000000000004282                nrk_error_print
                0x0000000000004396                clear_regs
                0x00000000000043f6                nrk_error_handle
                0x0000000000004428                nrk_error_add
                0x0000000000004442                nrk_kernel_error_add
                0x0000000000004452                pause
                0x000000000000447c                blink_dash
                0x000000000000449c                blink_dot
                0x00000000000044b4                blink_morse_code_error
 .text          0x00000000000045d4      0x1da ../../src/kernel/source/nrk_stack_check.o
                0x00000000000045d4                dump_stack_info
                0x000000000000472e                nrk_stack_check
                0x0000000000004778                nrk_stack_check_pid
 .text          0x00000000000047ae      0x648 ../../src/kernel/source/nrk_events.o
                0x00000000000047ae                nrk_signal_create
                0x0000000000004820                nrk_signal_get_registered_mask
                0x0000000000004832                nrk_signal_delete
                0x0000000000004950                nrk_signal_unregister
                0x00000000000049ce                nrk_signal_register
                0x0000000000004a32                nrk_event_signal
                0x0000000000004b14                nrk_event_wait
                0x0000000000004b88                nrk_sem_create
                0x0000000000004bdc                nrk_get_resource_index
                0x0000000000004c02                nrk_sem_query
                0x0000000000004c36                nrk_sem_pend
                0x0000000000004cf4                nrk_sem_post
                0x0000000000004db0                nrk_sem_delete
 .text          0x0000000000004df6      0x6a4 ../../src/kernel/source/nrk_task.o
                0x0000000000004df6                nrk_get_high_ready_task_ID
                0x0000000000004e02                nrk_print_readyQ
                0x0000000000004e18                nrk_add_to_readyQ
                0x0000000000004f78                nrk_rem_from_readyQ
                0x0000000000005018                nrk_activate_task
                0x00000000000050ae                nrk_set_next_wakeup
                0x0000000000005128                _nrk_wait_for_scheduler
                0x000000000000513c                nrk_wait_until_next_period
                0x0000000000005190                nrk_terminate_task
                0x00000000000051b2                nrk_wait_until_next_n_periods
                0x0000000000005212                nrk_wait_ticks
                0x000000000000528a                nrk_wait_until_ticks
                0x00000000000052e8                nrk_wait_until_nw
                0x0000000000005334                nrk_wait
                0x00000000000053e2                nrk_wait_until
                0x000000000000548e                nrk_get_pid
 .text          0x000000000000549a      0x514 ../../src/kernel/source/nrk_time.o
                0x000000000000549a                nrk_time_get
                0x0000000000005554                nrk_time_sub
                0x000000000000566c                nrk_time_compact_nanos
                0x00000000000056ae                nrk_time_add
                0x0000000000005764                nrk_time_set
                0x000000000000577a                _nrk_time_to_ticks
                0x0000000000005864                _nrk_ticks_to_time
                0x00000000000058d2                _nrk_time_to_ticks_long
 .text          0x00000000000059ae       0x34 ../../src/kernel/source/nrk_idle_task.o
                0x00000000000059ae                nrk_idle_task
 .text          0x00000000000059e2      0x56a ../../src/kernel/source/nrk_scheduler.o
                0x00000000000059e2                _nrk_scheduler
 .text          0x0000000000005f4c        0x0 ../../src/kernel/source/nrk_driver.o
 .text          0x0000000000005f4c        0x0 ../../src/kernel/source/nrk_reserve.o
 .text          0x0000000000005f4c      0x294 ../../src/kernel/source/nrk_sw_wdt.o
                0x0000000000005f4c                _nrk_sw_wdt_check
                0x0000000000006038                _nrk_sw_wdt_init
                0x0000000000006044                nrk_sw_wdt_init
                0x000000000000608c                nrk_sw_wdt_update
                0x000000000000613a                nrk_sw_wdt_start
                0x00000000000061c6                nrk_sw_wdt_stop
 .text          0x00000000000061e0      0x394 ../../src/kernel/hal/atmega128rfa1/nrk_timer.o
                0x00000000000061e0                nrk_spin_wait_us
                0x00000000000061fe                _nrk_precision_os_timer_stop
                0x0000000000006204                _nrk_precision_os_timer_start
                0x0000000000006218                _nrk_precision_os_timer_reset
                0x0000000000006222                _nrk_precision_os_timer_get
                0x0000000000006246                _nrk_high_speed_timer_stop
                0x000000000000624c                _nrk_high_speed_timer_start
                0x0000000000006254                _nrk_high_speed_timer_reset
                0x0000000000006264                _nrk_high_speed_timer_get
                0x0000000000006288                nrk_high_speed_timer_wait
                0x00000000000062e8                _nrk_os_timer_stop
                0x00000000000062fe                _nrk_os_timer_set
                0x0000000000006304                _nrk_os_timer_start
                0x0000000000006316                _nrk_os_timer_reset
                0x000000000000632a                _nrk_setup_timer
                0x00000000000063b0                _nrk_get_next_wakeup
                0x00000000000063b8                _nrk_set_next_wakeup
                0x00000000000063c0                nrk_timer_int_stop
                0x00000000000063cc                nrk_timer_int_reset
                0x00000000000063e0                nrk_timer_int_read
                0x00000000000063f4                nrk_timer_int_start
                0x0000000000006406                nrk_timer_int_configure
                0x000000000000647c                _nrk_os_timer_get
                0x0000000000006482                __vector_default
                0x0000000000006496                __vector_13
                0x0000000000006496                __vector_15
                0x00000000000064fc                __vector_32
                0x0000000000006560                SIG_OUTPUT_COMPARE1A
 .text          0x0000000000006574       0x4c ../../src/kernel/hal/atmega128rfa1/nrk_status.o
                0x0000000000006574                _nrk_startup_error
 .text          0x00000000000065c0      0x3a8 ../../src/kernel/hal/atmega128rfa1/nrk_ext_int.o
                0x00000000000065c0                nrk_ext_int_enable
                0x0000000000006642                nrk_ext_int_disable
                0x00000000000066c4                nrk_ext_int_configure
                0x00000000000067d8                __vector_9
                0x000000000000683c                __vector_1
                0x00000000000068a0                __vector_2
                0x0000000000006904                __vector_3
 .text          0x0000000000006968       0x4c ../../src/kernel/hal/atmega128rfa1/nrk_watchdog.o
                0x0000000000006968                nrk_watchdog_disable
                0x0000000000006984                nrk_watchdog_enable
                0x00000000000069a2                nrk_watchdog_check
                0x00000000000069b0                nrk_watchdog_reset
 .text          0x00000000000069b4      0x124 ../../src/kernel/hal/atmega128rfa1/nrk_cpu.o
                0x00000000000069b4                nrk_battery_save
                0x00000000000069b6                nrk_sleep
                0x00000000000069ce                nrk_idle
                0x00000000000069e4                nrk_task_set_entry_function
                0x00000000000069ec                nrk_task_set_stk
                0x0000000000006a28                nrk_task_stk_init
                0x0000000000006aa4                nrk_stack_pointer_init
                0x0000000000006ac2                nrk_stack_pointer_restore
                0x0000000000006ad0                nrk_target_start
 .text          0x0000000000006ad8       0x56 ../../src/kernel/hal/atmega128rfa1/atmel_hw_specific.o
                0x0000000000006ad8                nrk_start_high_ready_task
 .text          0x0000000000006b2e        0x0 /opt/local/lib/gcc/avr/4.9.1/../../../../avr/lib/avr51/libprintf_min.a(vfprintf_min.o)
 .text          0x0000000000006b2e        0x0 /opt/local/lib/gcc/avr/4.9.1/avr51/libgcc.a(_usmulhisi3.o)
 .text          0x0000000000006b2e        0x0 /opt/local/lib/gcc/avr/4.9.1/avr51/libgcc.a(_muluhisi3.o)
 .text          0x0000000000006b2e        0x0 /opt/local/lib/gcc/avr/4.9.1/avr51/libgcc.a(_mulshisi3.o)
 .text          0x0000000000006b2e        0x0 /opt/local/lib/gcc/avr/4.9.1/avr51/libgcc.a(_mulsi3.o)
 .text          0x0000000000006b2e        0x0 /opt/local/lib/gcc/avr/4.9.1/avr51/libgcc.a(_udivmodhi4.o)
 .text          0x0000000000006b2e        0x0 /opt/local/lib/gcc/avr/4.9.1/avr51/libgcc.a(_udivmodsi4.o)
 .text          0x0000000000006b2e        0x0 /opt/local/lib/gcc/avr/4.9.1/avr51/libgcc.a(_divmodsi4.o)
 .text          0x0000000000006b2e        0x0 /opt/local/lib/gcc/avr/4.9.1/avr51/libgcc.a(_udivdi3.o)
 .text          0x0000000000006b2e        0x0 /opt/local/lib/gcc/avr/4.9.1/avr51/libgcc.a(_udivmod64.o)
 .text          0x0000000000006b2e        0x0 /opt/local/lib/gcc/avr/4.9.1/avr51/libgcc.a(_negsi2.o)
 .text          0x0000000000006b2e        0x0 /opt/local/lib/gcc/avr/4.9.1/avr51/libgcc.a(_exit.o)
 .text          0x0000000000006b2e        0x0 /opt/local/lib/gcc/avr/4.9.1/avr51/libgcc.a(_tablejump.o)
 .text          0x0000000000006b2e        0x0 /opt/local/lib/gcc/avr/4.9.1/avr51/libgcc.a(_copy_data.o)
 .text          0x0000000000006b2e        0x0 /opt/local/lib/gcc/avr/4.9.1/avr51/libgcc.a(_clear_bss.o)
 .text          0x0000000000006b2e        0x0 /opt/local/lib/gcc/avr/4.9.1/avr51/libgcc.a(_umulhisi3.o)
 .text          0x0000000000006b2e        0x0 /opt/local/lib/gcc/avr/4.9.1/../../../../avr/lib/avr51/libc.a(strchr_P.o)
 .text          0x0000000000006b2e        0x0 /opt/local/lib/gcc/avr/4.9.1/../../../../avr/lib/avr51/libc.a(memcpy.o)
 .text          0x0000000000006b2e        0x0 /opt/local/lib/gcc/avr/4.9.1/../../../../avr/lib/avr51/libc.a(strncmp.o)
 .text          0x0000000000006b2e        0x0 /opt/local/lib/gcc/avr/4.9.1/../../../../avr/lib/avr51/libc.a(fdevopen.o)
 .text          0x0000000000006b2e        0x0 /opt/local/lib/gcc/avr/4.9.1/../../../../avr/lib/avr51/libc.a(fputc.o)
 .text          0x0000000000006b2e        0x0 /opt/local/lib/gcc/avr/4.9.1/../../../../avr/lib/avr51/libc.a(iob.o)
 .text          0x0000000000006b2e        0x0 /opt/local/lib/gcc/avr/4.9.1/../../../../avr/lib/avr51/libc.a(printf.o)
 .text          0x0000000000006b2e        0x0 /opt/local/lib/gcc/avr/4.9.1/../../../../avr/lib/avr51/libc.a(putchar.o)
 .text          0x0000000000006b2e        0x0 /opt/local/lib/gcc/avr/4.9.1/../../../../avr/lib/avr51/libc.a(puts.o)
 .text          0x0000000000006b2e        0x0 /opt/local/lib/gcc/avr/4.9.1/../../../../avr/lib/avr51/libc.a(sprintf.o)
 .text          0x0000000000006b2e        0x0 /opt/local/lib/gcc/avr/4.9.1/../../../../avr/lib/avr51/libc.a(ultoa_invert.o)
 .text          0x0000000000006b2e        0x0 /opt/local/lib/gcc/avr/4.9.1/../../../../avr/lib/avr51/libc.a(eerd_byte_atmega128rfa1.o)
 .text          0x0000000000006b2e        0x0 /opt/local/lib/gcc/avr/4.9.1/../../../../avr/lib/avr51/libc.a(eewr_byte_atmega128rfa1.o)
 .text          0x0000000000006b2e        0x0 /opt/local/lib/gcc/avr/4.9.1/../../../../avr/lib/avr51/libc.a(calloc.o)
 .text          0x0000000000006b2e        0x0 /opt/local/lib/gcc/avr/4.9.1/../../../../avr/lib/avr51/libc.a(malloc.o)
 .text          0x0000000000006b2e        0x0 /opt/local/lib/gcc/avr/4.9.1/../../../../avr/lib/avr51/libc.a(memset.o)
                0x0000000000006b2e                . = ALIGN (0x2)
 *(.text.*)
 .text.startup  0x0000000000006b2e       0x5a main.o
                0x0000000000006b2e                main
 .text.avr-libc
                0x0000000000006b88      0x28e /opt/local/lib/gcc/avr/4.9.1/../../../../avr/lib/avr51/libprintf_min.a(vfprintf_min.o)
                0x0000000000006b88                vfprintf
 .text.libgcc.mul
                0x0000000000006e16        0xe /opt/local/lib/gcc/avr/4.9.1/avr51/libgcc.a(_usmulhisi3.o)
                0x0000000000006e16                __usmulhisi3
                0x0000000000006e1a                __usmulhisi3_tail
 .text.libgcc.div
                0x0000000000006e24        0x0 /opt/local/lib/gcc/avr/4.9.1/avr51/libgcc.a(_usmulhisi3.o)
 .text.libgcc   0x0000000000006e24        0x0 /opt/local/lib/gcc/avr/4.9.1/avr51/libgcc.a(_usmulhisi3.o)
 .text.libgcc.prologue
                0x0000000000006e24        0x0 /opt/local/lib/gcc/avr/4.9.1/avr51/libgcc.a(_usmulhisi3.o)
 .text.libgcc.builtins
                0x0000000000006e24        0x0 /opt/local/lib/gcc/avr/4.9.1/avr51/libgcc.a(_usmulhisi3.o)
 .text.libgcc.fmul
                0x0000000000006e24        0x0 /opt/local/lib/gcc/avr/4.9.1/avr51/libgcc.a(_usmulhisi3.o)
 .text.libgcc.fixed
                0x0000000000006e24        0x0 /opt/local/lib/gcc/avr/4.9.1/avr51/libgcc.a(_usmulhisi3.o)
 .text.libgcc.mul
                0x0000000000006e24       0x16 /opt/local/lib/gcc/avr/4.9.1/avr51/libgcc.a(_muluhisi3.o)
                0x0000000000006e24                __muluhisi3
 .text.libgcc.div
                0x0000000000006e3a        0x0 /opt/local/lib/gcc/avr/4.9.1/avr51/libgcc.a(_muluhisi3.o)
 .text.libgcc   0x0000000000006e3a        0x0 /opt/local/lib/gcc/avr/4.9.1/avr51/libgcc.a(_muluhisi3.o)
 .text.libgcc.prologue
                0x0000000000006e3a        0x0 /opt/local/lib/gcc/avr/4.9.1/avr51/libgcc.a(_muluhisi3.o)
 .text.libgcc.builtins
                0x0000000000006e3a        0x0 /opt/local/lib/gcc/avr/4.9.1/avr51/libgcc.a(_muluhisi3.o)
 .text.libgcc.fmul
                0x0000000000006e3a        0x0 /opt/local/lib/gcc/avr/4.9.1/avr51/libgcc.a(_muluhisi3.o)
 .text.libgcc.fixed
                0x0000000000006e3a        0x0 /opt/local/lib/gcc/avr/4.9.1/avr51/libgcc.a(_muluhisi3.o)
 .text.libgcc.mul
                0x0000000000006e3a       0x10 /opt/local/lib/gcc/avr/4.9.1/avr51/libgcc.a(_mulshisi3.o)
                0x0000000000006e3a                __mulshisi3
                0x0000000000006e40                __mulohisi3
 .text.libgcc.div
                0x0000000000006e4a        0x0 /opt/local/lib/gcc/avr/4.9.1/avr51/libgcc.a(_mulshisi3.o)
 .text.libgcc   0x0000000000006e4a        0x0 /opt/local/lib/gcc/avr/4.9.1/avr51/libgcc.a(_mulshisi3.o)
 .text.libgcc.prologue
                0x0000000000006e4a        0x0 /opt/local/lib/gcc/avr/4.9.1/avr51/libgcc.a(_mulshisi3.o)
 .text.libgcc.builtins
                0x0000000000006e4a        0x0 /opt/local/lib/gcc/avr/4.9.1/avr51/libgcc.a(_mulshisi3.o)
 .text.libgcc.fmul
                0x0000000000006e4a        0x0 /opt/local/lib/gcc/avr/4.9.1/avr51/libgcc.a(_mulshisi3.o)
 .text.libgcc.fixed
                0x0000000000006e4a        0x0 /opt/local/lib/gcc/avr/4.9.1/avr51/libgcc.a(_mulshisi3.o)
 .text.libgcc.mul
                0x0000000000006e4a       0x20 /opt/local/lib/gcc/avr/4.9.1/avr51/libgcc.a(_mulsi3.o)
                0x0000000000006e4a                __mulsi3
 .text.libgcc.div
                0x0000000000006e6a        0x0 /opt/local/lib/gcc/avr/4.9.1/avr51/libgcc.a(_mulsi3.o)
 .text.libgcc   0x0000000000006e6a        0x0 /opt/local/lib/gcc/avr/4.9.1/avr51/libgcc.a(_mulsi3.o)
 .text.libgcc.prologue
                0x0000000000006e6a        0x0 /opt/local/lib/gcc/avr/4.9.1/avr51/libgcc.a(_mulsi3.o)
 .text.libgcc.builtins
                0x0000000000006e6a        0x0 /opt/local/lib/gcc/avr/4.9.1/avr51/libgcc.a(_mulsi3.o)
 .text.libgcc.fmul
                0x0000000000006e6a        0x0 /opt/local/lib/gcc/avr/4.9.1/avr51/libgcc.a(_mulsi3.o)
 .text.libgcc.fixed
                0x0000000000006e6a        0x0 /opt/local/lib/gcc/avr/4.9.1/avr51/libgcc.a(_mulsi3.o)
 .text.libgcc.mul
                0x0000000000006e6a        0x0 /opt/local/lib/gcc/avr/4.9.1/avr51/libgcc.a(_udivmodhi4.o)
 .text.libgcc.div
                0x0000000000006e6a       0x28 /opt/local/lib/gcc/avr/4.9.1/avr51/libgcc.a(_udivmodhi4.o)
                0x0000000000006e6a                __udivmodhi4
 .text.libgcc   0x0000000000006e92        0x0 /opt/local/lib/gcc/avr/4.9.1/avr51/libgcc.a(_udivmodhi4.o)
 .text.libgcc.prologue
                0x0000000000006e92        0x0 /opt/local/lib/gcc/avr/4.9.1/avr51/libgcc.a(_udivmodhi4.o)
 .text.libgcc.builtins
                0x0000000000006e92        0x0 /opt/local/lib/gcc/avr/4.9.1/avr51/libgcc.a(_udivmodhi4.o)
 .text.libgcc.fmul
                0x0000000000006e92        0x0 /opt/local/lib/gcc/avr/4.9.1/avr51/libgcc.a(_udivmodhi4.o)
 .text.libgcc.fixed
                0x0000000000006e92        0x0 /opt/local/lib/gcc/avr/4.9.1/avr51/libgcc.a(_udivmodhi4.o)
 .text.libgcc.mul
                0x0000000000006e92        0x0 /opt/local/lib/gcc/avr/4.9.1/avr51/libgcc.a(_udivmodsi4.o)
 .text.libgcc.div
                0x0000000000006e92       0x44 /opt/local/lib/gcc/avr/4.9.1/avr51/libgcc.a(_udivmodsi4.o)
                0x0000000000006e92                __udivmodsi4
 .text.libgcc   0x0000000000006ed6        0x0 /opt/local/lib/gcc/avr/4.9.1/avr51/libgcc.a(_udivmodsi4.o)
 .text.libgcc.prologue
                0x0000000000006ed6        0x0 /opt/local/lib/gcc/avr/4.9.1/avr51/libgcc.a(_udivmodsi4.o)
 .text.libgcc.builtins
                0x0000000000006ed6        0x0 /opt/local/lib/gcc/avr/4.9.1/avr51/libgcc.a(_udivmodsi4.o)
 .text.libgcc.fmul
                0x0000000000006ed6        0x0 /opt/local/lib/gcc/avr/4.9.1/avr51/libgcc.a(_udivmodsi4.o)
 .text.libgcc.fixed
                0x0000000000006ed6        0x0 /opt/local/lib/gcc/avr/4.9.1/avr51/libgcc.a(_udivmodsi4.o)
 .text.libgcc.mul
                0x0000000000006ed6        0x0 /opt/local/lib/gcc/avr/4.9.1/avr51/libgcc.a(_divmodsi4.o)
 .text.libgcc.div
                0x0000000000006ed6       0x2e /opt/local/lib/gcc/avr/4.9.1/avr51/libgcc.a(_divmodsi4.o)
                0x0000000000006ed6                __divmodsi4
 .text.libgcc   0x0000000000006f04        0x0 /opt/local/lib/gcc/avr/4.9.1/avr51/libgcc.a(_divmodsi4.o)
 .text.libgcc.prologue
                0x0000000000006f04        0x0 /opt/local/lib/gcc/avr/4.9.1/avr51/libgcc.a(_divmodsi4.o)
 .text.libgcc.builtins
                0x0000000000006f04        0x0 /opt/local/lib/gcc/avr/4.9.1/avr51/libgcc.a(_divmodsi4.o)
 .text.libgcc.fmul
                0x0000000000006f04        0x0 /opt/local/lib/gcc/avr/4.9.1/avr51/libgcc.a(_divmodsi4.o)
 .text.libgcc.fixed
                0x0000000000006f04        0x0 /opt/local/lib/gcc/avr/4.9.1/avr51/libgcc.a(_divmodsi4.o)
 .text.libgcc.mul
                0x0000000000006f04        0x0 /opt/local/lib/gcc/avr/4.9.1/avr51/libgcc.a(_udivdi3.o)
 .text.libgcc.div
                0x0000000000006f04       0x1c /opt/local/lib/gcc/avr/4.9.1/avr51/libgcc.a(_udivdi3.o)
                0x0000000000006f04                __umoddi3
                0x0000000000006f08                __udivdi3
                0x0000000000006f0a                __udivdi3_umoddi3
 .text.libgcc   0x0000000000006f20        0x0 /opt/local/lib/gcc/avr/4.9.1/avr51/libgcc.a(_udivdi3.o)
 .text.libgcc.prologue
                0x0000000000006f20        0x0 /opt/local/lib/gcc/avr/4.9.1/avr51/libgcc.a(_udivdi3.o)
 .text.libgcc.builtins
                0x0000000000006f20        0x0 /opt/local/lib/gcc/avr/4.9.1/avr51/libgcc.a(_udivdi3.o)
 .text.libgcc.fmul
                0x0000000000006f20        0x0 /opt/local/lib/gcc/avr/4.9.1/avr51/libgcc.a(_udivdi3.o)
 .text.libgcc.fixed
                0x0000000000006f20        0x0 /opt/local/lib/gcc/avr/4.9.1/avr51/libgcc.a(_udivdi3.o)
 .text.libgcc.mul
                0x0000000000006f20        0x0 /opt/local/lib/gcc/avr/4.9.1/avr51/libgcc.a(_udivmod64.o)
 .text.libgcc.div
                0x0000000000006f20       0xa2 /opt/local/lib/gcc/avr/4.9.1/avr51/libgcc.a(_udivmod64.o)
                0x0000000000006f20                __udivmod64
 .text.libgcc   0x0000000000006fc2        0x0 /opt/local/lib/gcc/avr/4.9.1/avr51/libgcc.a(_udivmod64.o)
 .text.libgcc.prologue
                0x0000000000006fc2        0x0 /opt/local/lib/gcc/avr/4.9.1/avr51/libgcc.a(_udivmod64.o)
 .text.libgcc.builtins
                0x0000000000006fc2        0x0 /opt/local/lib/gcc/avr/4.9.1/avr51/libgcc.a(_udivmod64.o)
 .text.libgcc.fmul
                0x0000000000006fc2        0x0 /opt/local/lib/gcc/avr/4.9.1/avr51/libgcc.a(_udivmod64.o)
 .text.libgcc.fixed
                0x0000000000006fc2        0x0 /opt/local/lib/gcc/avr/4.9.1/avr51/libgcc.a(_udivmod64.o)
 .text.libgcc.mul
                0x0000000000006fc2        0x0 /opt/local/lib/gcc/avr/4.9.1/avr51/libgcc.a(_negsi2.o)
 .text.libgcc.div
                0x0000000000006fc2       0x10 /opt/local/lib/gcc/avr/4.9.1/avr51/libgcc.a(_negsi2.o)
                0x0000000000006fc2                __negsi2
 .text.libgcc   0x0000000000006fd2        0x0 /opt/local/lib/gcc/avr/4.9.1/avr51/libgcc.a(_negsi2.o)
 .text.libgcc.prologue
                0x0000000000006fd2        0x0 /opt/local/lib/gcc/avr/4.9.1/avr51/libgcc.a(_negsi2.o)
 .text.libgcc.builtins
                0x0000000000006fd2        0x0 /opt/local/lib/gcc/avr/4.9.1/avr51/libgcc.a(_negsi2.o)
 .text.libgcc.fmul
                0x0000000000006fd2        0x0 /opt/local/lib/gcc/avr/4.9.1/avr51/libgcc.a(_negsi2.o)
 .text.libgcc.fixed
                0x0000000000006fd2        0x0 /opt/local/lib/gcc/avr/4.9.1/avr51/libgcc.a(_negsi2.o)
 .text.libgcc.mul
                0x0000000000006fd2        0x0 /opt/local/lib/gcc/avr/4.9.1/avr51/libgcc.a(_exit.o)
 .text.libgcc.div
                0x0000000000006fd2        0x0 /opt/local/lib/gcc/avr/4.9.1/avr51/libgcc.a(_exit.o)
 .text.libgcc   0x0000000000006fd2        0x0 /opt/local/lib/gcc/avr/4.9.1/avr51/libgcc.a(_exit.o)
 .text.libgcc.prologue
                0x0000000000006fd2        0x0 /opt/local/lib/gcc/avr/4.9.1/avr51/libgcc.a(_exit.o)
 .text.libgcc.builtins
                0x0000000000006fd2        0x0 /opt/local/lib/gcc/avr/4.9.1/avr51/libgcc.a(_exit.o)
 .text.libgcc.fmul
                0x0000000000006fd2        0x0 /opt/local/lib/gcc/avr/4.9.1/avr51/libgcc.a(_exit.o)
 .text.libgcc.fixed
                0x0000000000006fd2        0x0 /opt/local/lib/gcc/avr/4.9.1/avr51/libgcc.a(_exit.o)
 .text.libgcc.mul
                0x0000000000006fd2        0x0 /opt/local/lib/gcc/avr/4.9.1/avr51/libgcc.a(_tablejump.o)
 .text.libgcc.div
                0x0000000000006fd2        0x0 /opt/local/lib/gcc/avr/4.9.1/avr51/libgcc.a(_tablejump.o)
 .text.libgcc   0x0000000000006fd2        0xc /opt/local/lib/gcc/avr/4.9.1/avr51/libgcc.a(_tablejump.o)
                0x0000000000006fd2                __tablejump2__
                0x0000000000006fd6                __tablejump__
 .text.libgcc.prologue
                0x0000000000006fde        0x0 /opt/local/lib/gcc/avr/4.9.1/avr51/libgcc.a(_tablejump.o)
 .text.libgcc.builtins
                0x0000000000006fde        0x0 /opt/local/lib/gcc/avr/4.9.1/avr51/libgcc.a(_tablejump.o)
 .text.libgcc.fmul
                0x0000000000006fde        0x0 /opt/local/lib/gcc/avr/4.9.1/avr51/libgcc.a(_tablejump.o)
 .text.libgcc.fixed
                0x0000000000006fde        0x0 /opt/local/lib/gcc/avr/4.9.1/avr51/libgcc.a(_tablejump.o)
 .text.libgcc.mul
                0x0000000000006fde        0x0 /opt/local/lib/gcc/avr/4.9.1/avr51/libgcc.a(_copy_data.o)
 .text.libgcc.div
                0x0000000000006fde        0x0 /opt/local/lib/gcc/avr/4.9.1/avr51/libgcc.a(_copy_data.o)
 .text.libgcc   0x0000000000006fde        0x0 /opt/local/lib/gcc/avr/4.9.1/avr51/libgcc.a(_copy_data.o)
 .text.libgcc.prologue
                0x0000000000006fde        0x0 /opt/local/lib/gcc/avr/4.9.1/avr51/libgcc.a(_copy_data.o)
 .text.libgcc.builtins
                0x0000000000006fde        0x0 /opt/local/lib/gcc/avr/4.9.1/avr51/libgcc.a(_copy_data.o)
 .text.libgcc.fmul
                0x0000000000006fde        0x0 /opt/local/lib/gcc/avr/4.9.1/avr51/libgcc.a(_copy_data.o)
 .text.libgcc.fixed
                0x0000000000006fde        0x0 /opt/local/lib/gcc/avr/4.9.1/avr51/libgcc.a(_copy_data.o)
 .text.libgcc.mul
                0x0000000000006fde        0x0 /opt/local/lib/gcc/avr/4.9.1/avr51/libgcc.a(_clear_bss.o)
 .text.libgcc.div
                0x0000000000006fde        0x0 /opt/local/lib/gcc/avr/4.9.1/avr51/libgcc.a(_clear_bss.o)
 .text.libgcc   0x0000000000006fde        0x0 /opt/local/lib/gcc/avr/4.9.1/avr51/libgcc.a(_clear_bss.o)
 .text.libgcc.prologue
                0x0000000000006fde        0x0 /opt/local/lib/gcc/avr/4.9.1/avr51/libgcc.a(_clear_bss.o)
 .text.libgcc.builtins
                0x0000000000006fde        0x0 /opt/local/lib/gcc/avr/4.9.1/avr51/libgcc.a(_clear_bss.o)
 .text.libgcc.fmul
                0x0000000000006fde        0x0 /opt/local/lib/gcc/avr/4.9.1/avr51/libgcc.a(_clear_bss.o)
 .text.libgcc.fixed
                0x0000000000006fde        0x0 /opt/local/lib/gcc/avr/4.9.1/avr51/libgcc.a(_clear_bss.o)
 .text.libgcc.mul
                0x0000000000006fde       0x1e /opt/local/lib/gcc/avr/4.9.1/avr51/libgcc.a(_umulhisi3.o)
                0x0000000000006fde                __umulhisi3
 .text.libgcc.div
                0x0000000000006ffc        0x0 /opt/local/lib/gcc/avr/4.9.1/avr51/libgcc.a(_umulhisi3.o)
 .text.libgcc   0x0000000000006ffc        0x0 /opt/local/lib/gcc/avr/4.9.1/avr51/libgcc.a(_umulhisi3.o)
 .text.libgcc.prologue
                0x0000000000006ffc        0x0 /opt/local/lib/gcc/avr/4.9.1/avr51/libgcc.a(_umulhisi3.o)
 .text.libgcc.builtins
                0x0000000000006ffc        0x0 /opt/local/lib/gcc/avr/4.9.1/avr51/libgcc.a(_umulhisi3.o)
 .text.libgcc.fmul
                0x0000000000006ffc        0x0 /opt/local/lib/gcc/avr/4.9.1/avr51/libgcc.a(_umulhisi3.o)
 .text.libgcc.fixed
                0x0000000000006ffc        0x0 /opt/local/lib/gcc/avr/4.9.1/avr51/libgcc.a(_umulhisi3.o)
 .text.avr-libc
                0x0000000000006ffc       0x16 /opt/local/lib/gcc/avr/4.9.1/../../../../avr/lib/avr51/libc.a(strchr_P.o)
                0x0000000000006ffc                strchr_P
 .text.avr-libc
                0x0000000000007012       0x12 /opt/local/lib/gcc/avr/4.9.1/../../../../avr/lib/avr51/libc.a(memcpy.o)
                0x0000000000007012                memcpy
 .text.avr-libc
                0x0000000000007024       0x1c /opt/local/lib/gcc/avr/4.9.1/../../../../avr/lib/avr51/libc.a(strncmp.o)
                0x0000000000007024                strncmp
 .text.avr-libc
                0x0000000000007040       0x96 /opt/local/lib/gcc/avr/4.9.1/../../../../avr/lib/avr51/libc.a(fdevopen.o)
                0x0000000000007040                fdevopen
 .text.avr-libc
                0x00000000000070d6       0x70 /opt/local/lib/gcc/avr/4.9.1/../../../../avr/lib/avr51/libc.a(fputc.o)
                0x00000000000070d6                fputc
 .text.avr-libc
                0x0000000000007146       0x28 /opt/local/lib/gcc/avr/4.9.1/../../../../avr/lib/avr51/libc.a(printf.o)
                0x0000000000007146                printf
 .text.avr-libc
                0x000000000000716e        0xc /opt/local/lib/gcc/avr/4.9.1/../../../../avr/lib/avr51/libc.a(putchar.o)
                0x000000000000716e                putchar
 .text.avr-libc
                0x000000000000717a       0x60 /opt/local/lib/gcc/avr/4.9.1/../../../../avr/lib/avr51/libc.a(puts.o)
                0x000000000000717a                puts
 .text.avr-libc
                0x00000000000071da       0x60 /opt/local/lib/gcc/avr/4.9.1/../../../../avr/lib/avr51/libc.a(sprintf.o)
                0x00000000000071da                sprintf
 .text.avr-libc
                0x000000000000723a       0xbc /opt/local/lib/gcc/avr/4.9.1/../../../../avr/lib/avr51/libc.a(ultoa_invert.o)
                0x000000000000723a                __ultoa_invert
 .text.avr-libc
                0x00000000000072f6       0x10 /opt/local/lib/gcc/avr/4.9.1/../../../../avr/lib/avr51/libc.a(eerd_byte_atmega128rfa1.o)
                0x00000000000072f6                __eerd_byte_m128rfa1
 .text.avr-libc
                0x0000000000007306       0x1c /opt/local/lib/gcc/avr/4.9.1/../../../../avr/lib/avr51/libc.a(eewr_byte_atmega128rfa1.o)
                0x0000000000007306                __eewr_byte_m128rfa1
                0x0000000000007308                __eewr_r18_m128rfa1
 .text.avr-libc
                0x0000000000007322       0x38 /opt/local/lib/gcc/avr/4.9.1/../../../../avr/lib/avr51/libc.a(calloc.o)
                0x0000000000007322                calloc
 .text.avr-libc
                0x000000000000735a      0x25a /opt/local/lib/gcc/avr/4.9.1/../../../../avr/lib/avr51/libc.a(malloc.o)
                0x000000000000735a                malloc
                0x0000000000007484                free
 .text.avr-libc
                0x00000000000075b4        0xe /opt/local/lib/gcc/avr/4.9.1/../../../../avr/lib/avr51/libc.a(memset.o)
                0x00000000000075b4                memset
                0x00000000000075c2                . = ALIGN (0x2)
 *(.fini9)
 .fini9         0x00000000000075c2        0x0 /opt/local/lib/gcc/avr/4.9.1/avr51/libgcc.a(_exit.o)
                0x00000000000075c2                exit
                0x00000000000075c2                _exit
 *(.fini9)
 *(.fini8)
 *(.fini8)
 *(.fini7)
 *(.fini7)
 *(.fini6)
 *(.fini6)
 *(.fini5)
 *(.fini5)
 *(.fini4)
 *(.fini4)
 *(.fini3)
 *(.fini3)
 *(.fini2)
 *(.fini2)
 *(.fini1)
 *(.fini1)
 *(.fini0)
 .fini0         0x00000000000075c2        0x4 /opt/local/lib/gcc/avr/4.9.1/avr51/libgcc.a(_exit.o)
 *(.fini0)
                0x00000000000075c6                _etext = .

.data           0x0000000000800200      0x260 load address 0x00000000000075c6
                0x0000000000800200                PROVIDE (__data_start, .)
 *(.data)
 .data          0x0000000000800200        0x0 /opt/local/lib/gcc/avr/4.9.1/../../../../avr/lib/avr51/crtm128rfa1.o
 .data          0x0000000000800200       0x10 main.o
                0x0000000000800200                aes_key
 .data          0x0000000000800210        0x0 ../../src/drivers/platform/firefly3/source/ff_basic_sensor.o
 .data          0x0000000000800210        0x0 ../../src/drivers/platform/firefly3/source/twi_base_calls.o
 .data          0x0000000000800210        0x0 ../../src/net/pcf_tdma/rf231_soc/pcf_tdma.o
 .data          0x0000000000800210       0x10 ../../src/radio/rf231_soc/source/basic_rf.o
                0x0000000000800210                reset_val
 .data          0x0000000000800220        0x0 ../../src/platform/firefly3/source/ulib.o
 .data          0x0000000000800220        0x0 ../../src/platform/firefly3/source/hal_wait.o
 .data          0x0000000000800220        0x0 ../../src/platform/firefly3/source/nrk_eeprom.o
 .data          0x0000000000800220        0x0 ../../src/kernel/source/nrk.o
 .data          0x0000000000800220        0x0 ../../src/kernel/source/nrk_stats.o
 .data          0x0000000000800220        0x0 ../../src/kernel/source/nrk_error.o
 .data          0x0000000000800220        0x0 ../../src/kernel/source/nrk_stack_check.o
 .data          0x0000000000800220        0x0 ../../src/kernel/source/nrk_events.o
 .data          0x0000000000800220        0x0 ../../src/kernel/source/nrk_task.o
 .data          0x0000000000800220        0x0 ../../src/kernel/source/nrk_time.o
 .data          0x0000000000800220        0x0 ../../src/kernel/source/nrk_idle_task.o
 .data          0x0000000000800220        0x0 ../../src/kernel/source/nrk_scheduler.o
 .data          0x0000000000800220        0x0 ../../src/kernel/source/nrk_driver.o
 .data          0x0000000000800220        0x0 ../../src/kernel/source/nrk_reserve.o
 .data          0x0000000000800220        0x0 ../../src/kernel/source/nrk_sw_wdt.o
 .data          0x0000000000800220        0x0 ../../src/kernel/hal/atmega128rfa1/nrk_timer.o
 .data          0x0000000000800220        0x0 ../../src/kernel/hal/atmega128rfa1/nrk_status.o
 .data          0x0000000000800220        0x0 ../../src/kernel/hal/atmega128rfa1/nrk_ext_int.o
 .data          0x0000000000800220        0x0 ../../src/kernel/hal/atmega128rfa1/nrk_watchdog.o
 .data          0x0000000000800220        0x0 ../../src/kernel/hal/atmega128rfa1/nrk_cpu.o
 .data          0x0000000000800220        0x0 ../../src/kernel/hal/atmega128rfa1/atmel_hw_specific.o
 .data          0x0000000000800220        0x0 /opt/local/lib/gcc/avr/4.9.1/../../../../avr/lib/avr51/libprintf_min.a(vfprintf_min.o)
 .data          0x0000000000800220        0x0 /opt/local/lib/gcc/avr/4.9.1/avr51/libgcc.a(_usmulhisi3.o)
 .data          0x0000000000800220        0x0 /opt/local/lib/gcc/avr/4.9.1/avr51/libgcc.a(_muluhisi3.o)
 .data          0x0000000000800220        0x0 /opt/local/lib/gcc/avr/4.9.1/avr51/libgcc.a(_mulshisi3.o)
 .data          0x0000000000800220        0x0 /opt/local/lib/gcc/avr/4.9.1/avr51/libgcc.a(_mulsi3.o)
 .data          0x0000000000800220        0x0 /opt/local/lib/gcc/avr/4.9.1/avr51/libgcc.a(_udivmodhi4.o)
 .data          0x0000000000800220        0x0 /opt/local/lib/gcc/avr/4.9.1/avr51/libgcc.a(_udivmodsi4.o)
 .data          0x0000000000800220        0x0 /opt/local/lib/gcc/avr/4.9.1/avr51/libgcc.a(_divmodsi4.o)
 .data          0x0000000000800220        0x0 /opt/local/lib/gcc/avr/4.9.1/avr51/libgcc.a(_udivdi3.o)
 .data          0x0000000000800220        0x0 /opt/local/lib/gcc/avr/4.9.1/avr51/libgcc.a(_udivmod64.o)
 .data          0x0000000000800220        0x0 /opt/local/lib/gcc/avr/4.9.1/avr51/libgcc.a(_negsi2.o)
 .data          0x0000000000800220        0x0 /opt/local/lib/gcc/avr/4.9.1/avr51/libgcc.a(_exit.o)
 .data          0x0000000000800220        0x0 /opt/local/lib/gcc/avr/4.9.1/avr51/libgcc.a(_tablejump.o)
 .data          0x0000000000800220        0x0 /opt/local/lib/gcc/avr/4.9.1/avr51/libgcc.a(_copy_data.o)
 .data          0x0000000000800220        0x0 /opt/local/lib/gcc/avr/4.9.1/avr51/libgcc.a(_clear_bss.o)
 .data          0x0000000000800220        0x0 /opt/local/lib/gcc/avr/4.9.1/avr51/libgcc.a(_umulhisi3.o)
 .data          0x0000000000800220        0x0 /opt/local/lib/gcc/avr/4.9.1/../../../../avr/lib/avr51/libc.a(strchr_P.o)
 .data          0x0000000000800220        0x0 /opt/local/lib/gcc/avr/4.9.1/../../../../avr/lib/avr51/libc.a(memcpy.o)
 .data          0x0000000000800220        0x0 /opt/local/lib/gcc/avr/4.9.1/../../../../avr/lib/avr51/libc.a(strncmp.o)
 .data          0x0000000000800220        0x0 /opt/local/lib/gcc/avr/4.9.1/../../../../avr/lib/avr51/libc.a(fdevopen.o)
 .data          0x0000000000800220        0x0 /opt/local/lib/gcc/avr/4.9.1/../../../../avr/lib/avr51/libc.a(fputc.o)
 .data          0x0000000000800220        0x0 /opt/local/lib/gcc/avr/4.9.1/../../../../avr/lib/avr51/libc.a(iob.o)
 .data          0x0000000000800220        0x0 /opt/local/lib/gcc/avr/4.9.1/../../../../avr/lib/avr51/libc.a(printf.o)
 .data          0x0000000000800220        0x0 /opt/local/lib/gcc/avr/4.9.1/../../../../avr/lib/avr51/libc.a(putchar.o)
 .data          0x0000000000800220        0x0 /opt/local/lib/gcc/avr/4.9.1/../../../../avr/lib/avr51/libc.a(puts.o)
 .data          0x0000000000800220        0x0 /opt/local/lib/gcc/avr/4.9.1/../../../../avr/lib/avr51/libc.a(sprintf.o)
 .data          0x0000000000800220        0x0 /opt/local/lib/gcc/avr/4.9.1/../../../../avr/lib/avr51/libc.a(ultoa_invert.o)
 .data          0x0000000000800220        0x0 /opt/local/lib/gcc/avr/4.9.1/../../../../avr/lib/avr51/libc.a(eerd_byte_atmega128rfa1.o)
 .data          0x0000000000800220        0x0 /opt/local/lib/gcc/avr/4.9.1/../../../../avr/lib/avr51/libc.a(eewr_byte_atmega128rfa1.o)
 .data          0x0000000000800220        0x0 /opt/local/lib/gcc/avr/4.9.1/../../../../avr/lib/avr51/libc.a(calloc.o)
 .data          0x0000000000800220        0x6 /opt/local/lib/gcc/avr/4.9.1/../../../../avr/lib/avr51/libc.a(malloc.o)
                0x0000000000800220                __malloc_heap_end
                0x0000000000800222                __malloc_heap_start
                0x0000000000800224                __malloc_margin
 .data          0x0000000000800226        0x0 /opt/local/lib/gcc/avr/4.9.1/../../../../avr/lib/avr51/libc.a(memset.o)
 *(.data*)
 *(.rodata)
 .rodata        0x0000000000800226       0x51 ../../src/platform/firefly3/source/ulib.o
                0x0000000000800226                NRK_ADC_INPUT_7
                0x0000000000800227                NRK_ADC_INPUT_6
                0x0000000000800228                NRK_ADC_INPUT_5
                0x0000000000800229                NRK_ADC_INPUT_4
                0x000000000080022a                NRK_ADC_INPUT_3
                0x000000000080022b                NRK_ADC_INPUT_2
                0x000000000080022c                NRK_ADC_INPUT_1
                0x000000000080022d                NRK_ADC_INPUT_0
                0x000000000080022e                NRK_PORTF_7
                0x000000000080022f                NRK_PORTF_6
                0x0000000000800230                NRK_PORTF_5
                0x0000000000800231                NRK_PORTF_4
                0x0000000000800232                NRK_PORTF_3
                0x0000000000800233                NRK_PORTF_2
                0x0000000000800234                NRK_PORTF_1
                0x0000000000800235                NRK_PORTF_0
                0x0000000000800236                NRK_PORTG_5
                0x0000000000800237                NRK_PORTG_4
                0x0000000000800238                NRK_PORTG_3
                0x0000000000800239                NRK_PORTG_2
                0x000000000080023a                NRK_PORTG_1
                0x000000000080023b                NRK_PORTG_0
                0x000000000080023c                NRK_ANT_1
                0x000000000080023d                NRK_ANT_0
                0x000000000080023e                NRK_UART0_TXD
                0x000000000080023f                NRK_UART0_RXD
                0x0000000000800240                NRK_PORTE_7
                0x0000000000800241                NRK_PORTE_6
                0x0000000000800242                NRK_PORTE_5
                0x0000000000800243                NRK_PORTE_4
                0x0000000000800244                NRK_PORTE_3
                0x0000000000800245                NRK_PORTE_2
                0x0000000000800246                NRK_PORTE_1
                0x0000000000800247                NRK_PORTE_0
                0x0000000000800248                NRK_LED_3
                0x0000000000800249                NRK_LED_2
                0x000000000080024a                NRK_LED_1
                0x000000000080024b                NRK_LED_0
                0x000000000080024c                NRK_UART1_TXD
                0x000000000080024d                NRK_UART1_RXD
                0x000000000080024e                NRK_BUTTON
                0x000000000080024f                NRK_PORTD_7
                0x0000000000800250                NRK_PORTD_6
                0x0000000000800251                NRK_PORTD_5
                0x0000000000800252                NRK_PORTD_4
                0x0000000000800253                NRK_PORTD_3
                0x0000000000800254                NRK_PORTD_2
                0x0000000000800255                NRK_PORTD_1
                0x0000000000800256                NRK_PORTD_0
                0x0000000000800257                NRK_PORTC_7
                0x0000000000800258                NRK_PORTC_6
                0x0000000000800259                NRK_PORTC_5
                0x000000000080025a                NRK_PORTC_4
                0x000000000080025b                NRK_PORTC_3
                0x000000000080025c                NRK_PORTC_2
                0x000000000080025d                NRK_PORTC_1
                0x000000000080025e                NRK_PORTC_0
                0x000000000080025f                NRK_PORTB_7
                0x0000000000800260                NRK_PORTB_6
                0x0000000000800261                NRK_PORTB_5
                0x0000000000800262                NRK_PORTB_4
                0x0000000000800263                NRK_PORTB_3
                0x0000000000800264                NRK_PORTB_2
                0x0000000000800265                NRK_PORTB_1
                0x0000000000800266                NRK_PORTB_0
                0x0000000000800267                NRK_MISO
                0x0000000000800268                NRK_MOSI
                0x0000000000800269                NRK_SCK
                0x000000000080026a                NRK_SPI_SS
                0x000000000080026b                NRK_DEBUG_3
                0x000000000080026c                NRK_DEBUG_2
                0x000000000080026d                NRK_DEBUG_1
                0x000000000080026e                NRK_DEBUG_0
                0x000000000080026f                NRK_PORTA_7
                0x0000000000800270                NRK_PORTA_6
                0x0000000000800271                NRK_PORTA_5
                0x0000000000800272                NRK_PORTA_4
                0x0000000000800273                NRK_PORTA_3
                0x0000000000800274                NRK_PORTA_2
                0x0000000000800275                NRK_PORTA_1
                0x0000000000800276                NRK_PORTA_0
 *(.rodata*)
 .rodata.str1.1
                0x0000000000800277       0xe7 main.o
                                         0xee (size before relaxing)
 .rodata.str1.1
                0x000000000080035e       0x17 ../../src/drivers/platform/firefly3/source/twi_base_calls.o
 .rodata.str1.1
                0x0000000000800375       0x7d ../../src/radio/rf231_soc/source/basic_rf.o
 .rodata.str1.1
                0x00000000008003f2       0x2c ../../src/kernel/source/nrk_stats.o
 .rodata.str1.1
                0x0000000000000000        0x3 ../../src/kernel/source/nrk_error.o
 .rodata.str1.1
                0x000000000080041e       0x41 ../../src/kernel/source/nrk_stack_check.o
                                         0x4e (size before relaxing)
 *(.gnu.linkonce.d*)
                0x0000000000800460                . = ALIGN (0x2)
 *fill*         0x000000000080045f        0x1 
                0x0000000000800460                _edata = .
                0x0000000000800460                PROVIDE (__data_end, .)

.bss            0x0000000000800460      0xcdf
                0x0000000000800460                PROVIDE (__bss_start, .)
 *(.bss)
 .bss           0x0000000000800460        0x0 /opt/local/lib/gcc/avr/4.9.1/../../../../avr/lib/avr51/crtm128rfa1.o
 .bss           0x0000000000800460        0x0 main.o
 .bss           0x0000000000800460        0x0 ../../src/drivers/platform/firefly3/source/ff_basic_sensor.o
 .bss           0x0000000000800460        0x0 ../../src/drivers/platform/firefly3/source/twi_base_calls.o
 .bss           0x0000000000800460      0x244 ../../src/net/pcf_tdma/rf231_soc/pcf_tdma.o
 .bss           0x00000000008006a4        0x5 ../../src/radio/rf231_soc/source/basic_rf.o
                0x00000000008006a4                wireless_prog
                0x00000000008006a5                rx_end_func
                0x00000000008006a7                rx_start_func
 .bss           0x00000000008006a9       0x85 ../../src/platform/firefly3/source/ulib.o
 .bss           0x000000000080072e        0x0 ../../src/platform/firefly3/source/hal_wait.o
 .bss           0x000000000080072e        0x0 ../../src/platform/firefly3/source/nrk_eeprom.o
 .bss           0x000000000080072e        0x0 ../../src/kernel/source/nrk.o
 .bss           0x000000000080072e        0x0 ../../src/kernel/source/nrk_stats.o
 .bss           0x000000000080072e        0x0 ../../src/kernel/source/nrk_error.o
 .bss           0x000000000080072e        0x0 ../../src/kernel/source/nrk_stack_check.o
 .bss           0x000000000080072e        0x0 ../../src/kernel/source/nrk_events.o
 .bss           0x000000000080072e        0x0 ../../src/kernel/source/nrk_task.o
 .bss           0x000000000080072e        0x0 ../../src/kernel/source/nrk_time.o
 .bss           0x000000000080072e        0x0 ../../src/kernel/source/nrk_idle_task.o
 .bss           0x000000000080072e        0x0 ../../src/kernel/source/nrk_scheduler.o
 .bss           0x000000000080072e        0x0 ../../src/kernel/source/nrk_driver.o
 .bss           0x000000000080072e        0x0 ../../src/kernel/source/nrk_reserve.o
 .bss           0x000000000080072e        0x0 ../../src/kernel/source/nrk_sw_wdt.o
 .bss           0x000000000080072e        0x0 ../../src/kernel/hal/atmega128rfa1/nrk_timer.o
 .bss           0x000000000080072e        0x0 ../../src/kernel/hal/atmega128rfa1/nrk_status.o
 .bss           0x000000000080072e        0x0 ../../src/kernel/hal/atmega128rfa1/nrk_ext_int.o
 .bss           0x000000000080072e        0x0 ../../src/kernel/hal/atmega128rfa1/nrk_watchdog.o
 .bss           0x000000000080072e        0x0 ../../src/kernel/hal/atmega128rfa1/nrk_cpu.o
 .bss           0x000000000080072e        0x0 ../../src/kernel/hal/atmega128rfa1/atmel_hw_specific.o
 .bss           0x000000000080072e        0x0 /opt/local/lib/gcc/avr/4.9.1/../../../../avr/lib/avr51/libprintf_min.a(vfprintf_min.o)
 .bss           0x000000000080072e        0x0 /opt/local/lib/gcc/avr/4.9.1/avr51/libgcc.a(_usmulhisi3.o)
 .bss           0x000000000080072e        0x0 /opt/local/lib/gcc/avr/4.9.1/avr51/libgcc.a(_muluhisi3.o)
 .bss           0x000000000080072e        0x0 /opt/local/lib/gcc/avr/4.9.1/avr51/libgcc.a(_mulshisi3.o)
 .bss           0x000000000080072e        0x0 /opt/local/lib/gcc/avr/4.9.1/avr51/libgcc.a(_mulsi3.o)
 .bss           0x000000000080072e        0x0 /opt/local/lib/gcc/avr/4.9.1/avr51/libgcc.a(_udivmodhi4.o)
 .bss           0x000000000080072e        0x0 /opt/local/lib/gcc/avr/4.9.1/avr51/libgcc.a(_udivmodsi4.o)
 .bss           0x000000000080072e        0x0 /opt/local/lib/gcc/avr/4.9.1/avr51/libgcc.a(_divmodsi4.o)
 .bss           0x000000000080072e        0x0 /opt/local/lib/gcc/avr/4.9.1/avr51/libgcc.a(_udivdi3.o)
 .bss           0x000000000080072e        0x0 /opt/local/lib/gcc/avr/4.9.1/avr51/libgcc.a(_udivmod64.o)
 .bss           0x000000000080072e        0x0 /opt/local/lib/gcc/avr/4.9.1/avr51/libgcc.a(_negsi2.o)
 .bss           0x000000000080072e        0x0 /opt/local/lib/gcc/avr/4.9.1/avr51/libgcc.a(_exit.o)
 .bss           0x000000000080072e        0x0 /opt/local/lib/gcc/avr/4.9.1/avr51/libgcc.a(_tablejump.o)
 .bss           0x000000000080072e        0x0 /opt/local/lib/gcc/avr/4.9.1/avr51/libgcc.a(_copy_data.o)
 .bss           0x000000000080072e        0x0 /opt/local/lib/gcc/avr/4.9.1/avr51/libgcc.a(_clear_bss.o)
 .bss           0x000000000080072e        0x0 /opt/local/lib/gcc/avr/4.9.1/avr51/libgcc.a(_umulhisi3.o)
 .bss           0x000000000080072e        0x0 /opt/local/lib/gcc/avr/4.9.1/../../../../avr/lib/avr51/libc.a(strchr_P.o)
 .bss           0x000000000080072e        0x0 /opt/local/lib/gcc/avr/4.9.1/../../../../avr/lib/avr51/libc.a(memcpy.o)
 .bss           0x000000000080072e        0x0 /opt/local/lib/gcc/avr/4.9.1/../../../../avr/lib/avr51/libc.a(strncmp.o)
 .bss           0x000000000080072e        0x0 /opt/local/lib/gcc/avr/4.9.1/../../../../avr/lib/avr51/libc.a(fdevopen.o)
 .bss           0x000000000080072e        0x0 /opt/local/lib/gcc/avr/4.9.1/../../../../avr/lib/avr51/libc.a(fputc.o)
 .bss           0x000000000080072e        0x0 /opt/local/lib/gcc/avr/4.9.1/../../../../avr/lib/avr51/libc.a(iob.o)
 .bss           0x000000000080072e        0x0 /opt/local/lib/gcc/avr/4.9.1/../../../../avr/lib/avr51/libc.a(printf.o)
 .bss           0x000000000080072e        0x0 /opt/local/lib/gcc/avr/4.9.1/../../../../avr/lib/avr51/libc.a(putchar.o)
 .bss           0x000000000080072e        0x0 /opt/local/lib/gcc/avr/4.9.1/../../../../avr/lib/avr51/libc.a(puts.o)
 .bss           0x000000000080072e        0x0 /opt/local/lib/gcc/avr/4.9.1/../../../../avr/lib/avr51/libc.a(sprintf.o)
 .bss           0x000000000080072e        0x0 /opt/local/lib/gcc/avr/4.9.1/../../../../avr/lib/avr51/libc.a(ultoa_invert.o)
 .bss           0x000000000080072e        0x0 /opt/local/lib/gcc/avr/4.9.1/../../../../avr/lib/avr51/libc.a(eerd_byte_atmega128rfa1.o)
 .bss           0x000000000080072e        0x0 /opt/local/lib/gcc/avr/4.9.1/../../../../avr/lib/avr51/libc.a(eewr_byte_atmega128rfa1.o)
 .bss           0x000000000080072e        0x0 /opt/local/lib/gcc/avr/4.9.1/../../../../avr/lib/avr51/libc.a(calloc.o)
 .bss           0x000000000080072e        0x0 /opt/local/lib/gcc/avr/4.9.1/../../../../avr/lib/avr51/libc.a(malloc.o)
 .bss           0x000000000080072e        0x0 /opt/local/lib/gcc/avr/4.9.1/../../../../avr/lib/avr51/libc.a(memset.o)
 *(.bss*)
 *(COMMON)
 COMMON         0x000000000080072e      0x77d main.o
                0x000000000080072e                app_timer0_callback
                0x0000000000800730                tdma_rfRxInfo
                0x000000000080073c                ext_int1_callback
                0x000000000080073e                tx_task_stack
                0x000000000080093e                ext_int0_callback
                0x0000000000800940                error_task
                0x0000000000800941                mac_address
                0x0000000000800945                _nrk_time_trigger
                0x0000000000800946                ext_int2_callback
                0x0000000000800948                tdma_rfTxInfo
                0x000000000080094f                pc_int0_callback
                0x0000000000800951                rx_task_stack
                0x0000000000800b51                _nrk_signal_list
                0x0000000000800b55                sbuf
                0x0000000000800b59                tx_tdma_fd
                0x0000000000800b6b                rx_buf
                0x0000000000800bdb                nrk_kernel_stk_ptr
                0x0000000000800bdd                tx_buf
                0x0000000000800c4d                RX_TASK
                0x0000000000800c70                TX_TASK
                0x0000000000800c93                app_timer0_prescale
                0x0000000000800c94                tdma_rx_pkt_signal
                0x0000000000800c95                tdma_tx_pkt_done_signal
                0x0000000000800c96                _nrk_prev_timer_val
                0x0000000000800c97                error_num
                0x0000000000800c98                tdma_enable_signal
                0x0000000000800c99                rx_tdma_fd
                0x0000000000800cab                nrk_idle_task_stk
 COMMON         0x0000000000800eab       0x49 ../../src/drivers/platform/firefly3/source/ff_basic_sensor.o
                0x0000000000800eab                eeprom_values
                0x0000000000800ec1                B6
                0x0000000000800ec5                UT
                0x0000000000800ec9                X2
                0x0000000000800ecd                T
                0x0000000000800ed1                B5
                0x0000000000800ed5                is_open
                0x0000000000800ed6                X1
                0x0000000000800eda                channel
                0x0000000000800edb                X3
                0x0000000000800edf                B4
                0x0000000000800ee3                h_cnt
                0x0000000000800ee4                B7
                0x0000000000800ee8                UP
                0x0000000000800eec                P
                0x0000000000800ef0                B3
 COMMON         0x0000000000800ef4        0x2 ../../src/drivers/platform/firefly3/source/twi_base_calls.o
                0x0000000000800ef4                twst
                0x0000000000800ef5                i2c_address
 COMMON         0x0000000000800ef6       0x51 ../../src/radio/rf231_soc/source/basic_rf.o
                0x0000000000800ef6                rx_ctr
                0x0000000000800efa                radio_sem
                0x0000000000800efc                use_glossy
                0x0000000000800efd                mdmctrl0
                0x0000000000800eff                rfSettings
                0x0000000000800f08                curr_t
                0x0000000000800f10                ekey
                0x0000000000800f20                rf_ready
                0x0000000000800f21                target_t
                0x0000000000800f29                dkey
                0x0000000000800f39                tx_ctr
                0x0000000000800f3f                dummy_t
 COMMON         0x0000000000800f47      0x1ed ../../src/kernel/source/nrk.o
                0x0000000000800f47                _free_node
                0x0000000000800f49                nrk_task_TCB
                0x0000000000801020                next_next_wakeup
                0x0000000000801022                nrk_sem_list
                0x000000000080102b                nrk_task_init_cnt
                0x000000000080102c                nrk_wakeup_signal
                0x000000000080102d                nrk_high_ready_TCB
                0x000000000080102f                _nrk_stats_sleep_time
                0x0000000000801037                nrk_cur_task_prio
                0x0000000000801038                _nrk_cpu_state
                0x0000000000801039                _head_node
                0x000000000080103b                nrk_system_time
                0x0000000000801043                _nrk_resource_cnt
                0x0000000000801044                nrk_cur_task_TCB
                0x0000000000801046                nrk_high_ready_prio
                0x0000000000801047                sw_wdts
                0x0000000000801080                cur_task_stats
                0x0000000000801116                _nrk_readyQ
 COMMON         0x0000000000801134        0x1 ../../src/kernel/source/nrk_scheduler.o
                0x0000000000801134                t
 COMMON         0x0000000000801135        0x6 /opt/local/lib/gcc/avr/4.9.1/../../../../avr/lib/avr51/libc.a(iob.o)
                0x0000000000801135                __iob
 COMMON         0x000000000080113b        0x4 /opt/local/lib/gcc/avr/4.9.1/../../../../avr/lib/avr51/libc.a(malloc.o)
                0x000000000080113b                __brkval
                0x000000000080113d                __flp
                0x000000000080113f                PROVIDE (__bss_end, .)
                0x00000000000075c6                __data_load_start = LOADADDR (.data)
                0x0000000000007826                __data_load_end = (__data_load_start + SIZEOF (.data))

.noinit         0x000000000080113f        0x0
                0x000000000080113f                PROVIDE (__noinit_start, .)
 *(.noinit*)
                0x000000000080113f                PROVIDE (__noinit_end, .)
                0x000000000080113f                _end = .
                0x000000000080113f                PROVIDE (__heap_start, .)

.eeprom         0x0000000000810000        0x0
 *(.eeprom*)
                0x0000000000810000                __eeprom_end = .

.fuse
 *(.fuse)
 *(.lfuse)
 *(.hfuse)
 *(.efuse)

.lock
 *(.lock*)

.signature
 *(.signature*)

.stab           0x0000000000000000    0x14a00
 *(.stab)
 .stab          0x0000000000000000     0x1638 main.o
 .stab          0x0000000000001638     0x12c0 ../../src/drivers/platform/firefly3/source/ff_basic_sensor.o
                                       0x1e3c (size before relaxing)
 .stab          0x00000000000028f8      0xb10 ../../src/drivers/platform/firefly3/source/twi_base_calls.o
                                       0x165c (size before relaxing)
 .stab          0x0000000000003408     0x2094 ../../src/net/pcf_tdma/rf231_soc/pcf_tdma.o
                                       0x2c64 (size before relaxing)
 .stab          0x000000000000549c     0x2130 ../../src/radio/rf231_soc/source/basic_rf.o
                                       0x2be0 (size before relaxing)
 .stab          0x00000000000075cc     0x1758 ../../src/platform/firefly3/source/ulib.o
                                       0x21fc (size before relaxing)
 .stab          0x0000000000008d24      0x378 ../../src/platform/firefly3/source/hal_wait.o
                                        0xd50 (size before relaxing)
 .stab          0x000000000000909c      0x7ec ../../src/platform/firefly3/source/nrk_eeprom.o
                                       0x1278 (size before relaxing)
 .stab          0x0000000000009888      0xbe8 ../../src/kernel/source/nrk.o
                                       0x16f8 (size before relaxing)
 .stab          0x000000000000a470      0xb94 ../../src/kernel/source/nrk_stats.o
                                       0x16ec (size before relaxing)
 .stab          0x000000000000b004      0xdd4 ../../src/kernel/source/nrk_error.o
                                       0x1914 (size before relaxing)
 .stab          0x000000000000bdd8      0x624 ../../src/kernel/source/nrk_stack_check.o
                                       0x1158 (size before relaxing)
 .stab          0x000000000000c3fc     0x105c ../../src/kernel/source/nrk_events.o
                                       0x1ba8 (size before relaxing)
 .stab          0x000000000000d458     0x10e0 ../../src/kernel/source/nrk_task.o
                                       0x1c2c (size before relaxing)
 .stab          0x000000000000e538      0x93c ../../src/kernel/source/nrk_time.o
                                       0x1488 (size before relaxing)
 .stab          0x000000000000ee74      0x48c ../../src/kernel/source/nrk_idle_task.o
                                        0xfd8 (size before relaxing)
 .stab          0x000000000000f300      0xa2c ../../src/kernel/source/nrk_scheduler.o
                                       0x15c0 (size before relaxing)
 .stab          0x000000000000fd2c      0x264 ../../src/kernel/source/nrk_driver.o
                                        0x270 (size before relaxing)
 .stab          0x000000000000ff90      0x264 ../../src/kernel/source/nrk_reserve.o
                                        0x270 (size before relaxing)
 .stab          0x00000000000101f4      0x7b0 ../../src/kernel/source/nrk_sw_wdt.o
                                       0x1308 (size before relaxing)
 .stab          0x00000000000109a4     0x111c ../../src/kernel/hal/atmega128rfa1/nrk_timer.o
                                       0x1c5c (size before relaxing)
 .stab          0x0000000000011ac0      0x474 ../../src/kernel/hal/atmega128rfa1/nrk_status.o
                                        0xf18 (size before relaxing)
 .stab          0x0000000000011f34      0xa14 ../../src/kernel/hal/atmega128rfa1/nrk_ext_int.o
                                       0x14b8 (size before relaxing)
 .stab          0x0000000000012948      0x618 ../../src/kernel/hal/atmega128rfa1/nrk_watchdog.o
                                       0x1140 (size before relaxing)
 .stab          0x0000000000012f60      0x894 ../../src/kernel/hal/atmega128rfa1/nrk_cpu.o
                                       0x13d4 (size before relaxing)
 .stab          0x00000000000137f4      0x204 ../../src/kernel/hal/atmega128rfa1/atmel_hw_specific.o
                                        0x210 (size before relaxing)
 .stab          0x00000000000139f8       0xcc /opt/local/lib/gcc/avr/4.9.1/avr51/libgcc.a(_usmulhisi3.o)
                                         0xd8 (size before relaxing)
 .stab          0x0000000000013ac4       0xcc /opt/local/lib/gcc/avr/4.9.1/avr51/libgcc.a(_muluhisi3.o)
                                         0xd8 (size before relaxing)
 .stab          0x0000000000013b90       0xcc /opt/local/lib/gcc/avr/4.9.1/avr51/libgcc.a(_mulshisi3.o)
                                         0xd8 (size before relaxing)
 .stab          0x0000000000013c5c      0x108 /opt/local/lib/gcc/avr/4.9.1/avr51/libgcc.a(_mulsi3.o)
                                        0x114 (size before relaxing)
 .stab          0x0000000000013d64      0x15c /opt/local/lib/gcc/avr/4.9.1/avr51/libgcc.a(_udivmodhi4.o)
                                        0x168 (size before relaxing)
 .stab          0x0000000000013ec0      0x228 /opt/local/lib/gcc/avr/4.9.1/avr51/libgcc.a(_udivmodsi4.o)
                                        0x234 (size before relaxing)
 .stab          0x00000000000140e8      0x144 /opt/local/lib/gcc/avr/4.9.1/avr51/libgcc.a(_divmodsi4.o)
                                        0x150 (size before relaxing)
 .stab          0x000000000001422c      0x150 /opt/local/lib/gcc/avr/4.9.1/avr51/libgcc.a(_udivdi3.o)
                                        0x15c (size before relaxing)
 .stab          0x000000000001437c      0x234 /opt/local/lib/gcc/avr/4.9.1/avr51/libgcc.a(_udivmod64.o)
                                        0x240 (size before relaxing)
 .stab          0x00000000000145b0       0x6c /opt/local/lib/gcc/avr/4.9.1/avr51/libgcc.a(_negsi2.o)
                                         0x78 (size before relaxing)
 .stab          0x000000000001461c       0x6c /opt/local/lib/gcc/avr/4.9.1/avr51/libgcc.a(_exit.o)
                                         0x78 (size before relaxing)
 .stab          0x0000000000014688       0xcc /opt/local/lib/gcc/avr/4.9.1/avr51/libgcc.a(_tablejump.o)
                                         0xd8 (size before relaxing)
 .stab          0x0000000000014754       0xf0 /opt/local/lib/gcc/avr/4.9.1/avr51/libgcc.a(_copy_data.o)
                                         0xfc (size before relaxing)
 .stab          0x0000000000014844       0xb4 /opt/local/lib/gcc/avr/4.9.1/avr51/libgcc.a(_clear_bss.o)
                                         0xc0 (size before relaxing)
 .stab          0x00000000000148f8      0x108 /opt/local/lib/gcc/avr/4.9.1/avr51/libgcc.a(_umulhisi3.o)
                                        0x114 (size before relaxing)

.stabstr        0x0000000000000000     0xa091
 *(.stabstr)
 .stabstr       0x0000000000000000     0xa091 main.o

.stab.excl
 *(.stab.excl)

.stab.exclstr
 *(.stab.exclstr)

.stab.index
 *(.stab.index)

.stab.indexstr
 *(.stab.indexstr)

.comment        0x0000000000000000       0x11
 *(.comment)
 .comment       0x0000000000000000       0x11 main.o
                                         0x12 (size before relaxing)
 .comment       0x0000000000000000       0x12 ../../src/drivers/platform/firefly3/source/ff_basic_sensor.o
 .comment       0x0000000000000000       0x12 ../../src/drivers/platform/firefly3/source/twi_base_calls.o
 .comment       0x0000000000000000       0x12 ../../src/net/pcf_tdma/rf231_soc/pcf_tdma.o
 .comment       0x0000000000000000       0x12 ../../src/radio/rf231_soc/source/basic_rf.o
 .comment       0x0000000000000000       0x12 ../../src/platform/firefly3/source/ulib.o
 .comment       0x0000000000000000       0x12 ../../src/platform/firefly3/source/hal_wait.o
 .comment       0x0000000000000000       0x12 ../../src/platform/firefly3/source/nrk_eeprom.o
 .comment       0x0000000000000000       0x12 ../../src/kernel/source/nrk.o
 .comment       0x0000000000000000       0x12 ../../src/kernel/source/nrk_stats.o
 .comment       0x0000000000000000       0x12 ../../src/kernel/source/nrk_error.o
 .comment       0x0000000000000000       0x12 ../../src/kernel/source/nrk_stack_check.o
 .comment       0x0000000000000000       0x12 ../../src/kernel/source/nrk_events.o
 .comment       0x0000000000000000       0x12 ../../src/kernel/source/nrk_task.o
 .comment       0x0000000000000000       0x12 ../../src/kernel/source/nrk_time.o
 .comment       0x0000000000000000       0x12 ../../src/kernel/source/nrk_idle_task.o
 .comment       0x0000000000000000       0x12 ../../src/kernel/source/nrk_scheduler.o
 .comment       0x0000000000000000       0x12 ../../src/kernel/source/nrk_driver.o
 .comment       0x0000000000000000       0x12 ../../src/kernel/source/nrk_reserve.o
 .comment       0x0000000000000000       0x12 ../../src/kernel/source/nrk_sw_wdt.o
 .comment       0x0000000000000000       0x12 ../../src/kernel/hal/atmega128rfa1/nrk_timer.o
 .comment       0x0000000000000000       0x12 ../../src/kernel/hal/atmega128rfa1/nrk_status.o
 .comment       0x0000000000000000       0x12 ../../src/kernel/hal/atmega128rfa1/nrk_ext_int.o
 .comment       0x0000000000000000       0x12 ../../src/kernel/hal/atmega128rfa1/nrk_watchdog.o
 .comment       0x0000000000000000       0x12 ../../src/kernel/hal/atmega128rfa1/nrk_cpu.o
 .comment       0x0000000000000000       0x12 /opt/local/lib/gcc/avr/4.9.1/../../../../avr/lib/avr51/libprintf_min.a(vfprintf_min.o)
 .comment       0x0000000000000000       0x12 /opt/local/lib/gcc/avr/4.9.1/../../../../avr/lib/avr51/libc.a(fdevopen.o)
 .comment       0x0000000000000000       0x12 /opt/local/lib/gcc/avr/4.9.1/../../../../avr/lib/avr51/libc.a(fputc.o)
 .comment       0x0000000000000000       0x12 /opt/local/lib/gcc/avr/4.9.1/../../../../avr/lib/avr51/libc.a(iob.o)
 .comment       0x0000000000000000       0x12 /opt/local/lib/gcc/avr/4.9.1/../../../../avr/lib/avr51/libc.a(printf.o)
 .comment       0x0000000000000000       0x12 /opt/local/lib/gcc/avr/4.9.1/../../../../avr/lib/avr51/libc.a(putchar.o)
 .comment       0x0000000000000000       0x12 /opt/local/lib/gcc/avr/4.9.1/../../../../avr/lib/avr51/libc.a(puts.o)
 .comment       0x0000000000000000       0x12 /opt/local/lib/gcc/avr/4.9.1/../../../../avr/lib/avr51/libc.a(sprintf.o)
 .comment       0x0000000000000000       0x12 /opt/local/lib/gcc/avr/4.9.1/../../../../avr/lib/avr51/libc.a(calloc.o)
 .comment       0x0000000000000000       0x12 /opt/local/lib/gcc/avr/4.9.1/../../../../avr/lib/avr51/libc.a(malloc.o)

.note.gnu.build-id
 *(.note.gnu.build-id)

.debug
 *(.debug)

.line
 *(.line)

.debug_srcinfo
 *(.debug_srcinfo)

.debug_sfnames
 *(.debug_sfnames)

.debug_aranges
 *(.debug_aranges)

.debug_pubnames
 *(.debug_pubnames)

.debug_info     0x0000000000000000     0x1160
 *(.debug_info .gnu.linkonce.wi.*)
 .debug_info    0x0000000000000000     0x1160 /opt/local/lib/gcc/avr/4.9.1/../../../../avr/lib/avr51/crtm128rfa1.o

.debug_abbrev   0x0000000000000000     0x1072
 *(.debug_abbrev)
 .debug_abbrev  0x0000000000000000     0x1072 /opt/local/lib/gcc/avr/4.9.1/../../../../avr/lib/avr51/crtm128rfa1.o

.debug_line     0x0000000000000000       0x1d
 *(.debug_line .debug_line.* .debug_line_end)
 .debug_line    0x0000000000000000       0x1d /opt/local/lib/gcc/avr/4.9.1/../../../../avr/lib/avr51/crtm128rfa1.o

.debug_frame
 *(.debug_frame)

.debug_str      0x0000000000000000      0x6de
 *(.debug_str)
 .debug_str     0x0000000000000000      0x6de /opt/local/lib/gcc/avr/4.9.1/../../../../avr/lib/avr51/crtm128rfa1.o

.debug_loc
 *(.debug_loc)

.debug_macinfo
 *(.debug_macinfo)

.debug_weaknames
 *(.debug_weaknames)

.debug_funcnames
 *(.debug_funcnames)

.debug_typenames
 *(.debug_typenames)

.debug_varnames
 *(.debug_varnames)

.debug_pubtypes
 *(.debug_pubtypes)

.debug_ranges
 *(.debug_ranges)

.debug_macro
 *(.debug_macro)
OUTPUT(main.elf elf32-avr)
LOAD linker stubs

Cross Reference Table

Symbol                                            File
B3                                                ../../src/drivers/platform/firefly3/source/ff_basic_sensor.o
B4                                                ../../src/drivers/platform/firefly3/source/ff_basic_sensor.o
B5                                                ../../src/drivers/platform/firefly3/source/ff_basic_sensor.o
B6                                                ../../src/drivers/platform/firefly3/source/ff_basic_sensor.o
B7                                                ../../src/drivers/platform/firefly3/source/ff_basic_sensor.o
NRK_ADC_INPUT_0                                   ../../src/platform/firefly3/source/ulib.o
NRK_ADC_INPUT_1                                   ../../src/platform/firefly3/source/ulib.o
NRK_ADC_INPUT_2                                   ../../src/platform/firefly3/source/ulib.o
NRK_ADC_INPUT_3                                   ../../src/platform/firefly3/source/ulib.o
NRK_ADC_INPUT_4                                   ../../src/platform/firefly3/source/ulib.o
NRK_ADC_INPUT_5                                   ../../src/platform/firefly3/source/ulib.o
NRK_ADC_INPUT_6                                   ../../src/platform/firefly3/source/ulib.o
NRK_ADC_INPUT_7                                   ../../src/platform/firefly3/source/ulib.o
NRK_ANT_0                                         ../../src/platform/firefly3/source/ulib.o
NRK_ANT_1                                         ../../src/platform/firefly3/source/ulib.o
NRK_BUTTON                                        ../../src/platform/firefly3/source/ulib.o
NRK_DEBUG_0                                       ../../src/platform/firefly3/source/ulib.o
NRK_DEBUG_1                                       ../../src/platform/firefly3/source/ulib.o
NRK_DEBUG_2                                       ../../src/platform/firefly3/source/ulib.o
NRK_DEBUG_3                                       ../../src/platform/firefly3/source/ulib.o
NRK_LED_0                                         ../../src/platform/firefly3/source/ulib.o
NRK_LED_1                                         ../../src/platform/firefly3/source/ulib.o
NRK_LED_2                                         ../../src/platform/firefly3/source/ulib.o
NRK_LED_3                                         ../../src/platform/firefly3/source/ulib.o
NRK_MISO                                          ../../src/platform/firefly3/source/ulib.o
NRK_MOSI                                          ../../src/platform/firefly3/source/ulib.o
NRK_PORTA_0                                       ../../src/platform/firefly3/source/ulib.o
NRK_PORTA_1                                       ../../src/platform/firefly3/source/ulib.o
NRK_PORTA_2                                       ../../src/platform/firefly3/source/ulib.o
NRK_PORTA_3                                       ../../src/platform/firefly3/source/ulib.o
NRK_PORTA_4                                       ../../src/platform/firefly3/source/ulib.o
NRK_PORTA_5                                       ../../src/platform/firefly3/source/ulib.o
NRK_PORTA_6                                       ../../src/platform/firefly3/source/ulib.o
NRK_PORTA_7                                       ../../src/platform/firefly3/source/ulib.o
NRK_PORTB_0                                       ../../src/platform/firefly3/source/ulib.o
NRK_PORTB_1                                       ../../src/platform/firefly3/source/ulib.o
NRK_PORTB_2                                       ../../src/platform/firefly3/source/ulib.o
NRK_PORTB_3                                       ../../src/platform/firefly3/source/ulib.o
NRK_PORTB_4                                       ../../src/platform/firefly3/source/ulib.o
NRK_PORTB_5                                       ../../src/platform/firefly3/source/ulib.o
NRK_PORTB_6                                       ../../src/platform/firefly3/source/ulib.o
NRK_PORTB_7                                       ../../src/platform/firefly3/source/ulib.o
NRK_PORTC_0                                       ../../src/platform/firefly3/source/ulib.o
NRK_PORTC_1                                       ../../src/platform/firefly3/source/ulib.o
NRK_PORTC_2                                       ../../src/platform/firefly3/source/ulib.o
NRK_PORTC_3                                       ../../src/platform/firefly3/source/ulib.o
NRK_PORTC_4                                       ../../src/platform/firefly3/source/ulib.o
NRK_PORTC_5                                       ../../src/platform/firefly3/source/ulib.o
NRK_PORTC_6                                       ../../src/platform/firefly3/source/ulib.o
NRK_PORTC_7                                       ../../src/platform/firefly3/source/ulib.o
NRK_PORTD_0                                       ../../src/platform/firefly3/source/ulib.o
NRK_PORTD_1                                       ../../src/platform/firefly3/source/ulib.o
NRK_PORTD_2                                       ../../src/platform/firefly3/source/ulib.o
NRK_PORTD_3                                       ../../src/platform/firefly3/source/ulib.o
NRK_PORTD_4                                       ../../src/platform/firefly3/source/ulib.o
NRK_PORTD_5                                       ../../src/platform/firefly3/source/ulib.o
NRK_PORTD_6                                       ../../src/platform/firefly3/source/ulib.o
NRK_PORTD_7                                       ../../src/platform/firefly3/source/ulib.o
NRK_PORTE_0                                       ../../src/platform/firefly3/source/ulib.o
NRK_PORTE_1                                       ../../src/platform/firefly3/source/ulib.o
NRK_PORTE_2                                       ../../src/platform/firefly3/source/ulib.o
                                                  ../../src/drivers/platform/firefly3/source/ff_basic_sensor.o
NRK_PORTE_3                                       ../../src/platform/firefly3/source/ulib.o